    Finished `test` profile [unoptimized + debuginfo] target(s) in 0.11s
     Running tests\fec_f3e_seam_scenarios_tests.rs (target\debug\deps\fec_f3e_seam_scenarios_tests-d4e603d7f65a4ed0.exe)

running 12 tests
fec_f3e seq=1 event=f3e.prepare dep_count=0 required_caps=none dependency_profile=None token=289996326840714797953390871388005192738 duration_us=147
fec_f3e seq=2 event=f3e.prepare dep_count=1 required_caps=reference_resolution dependency_profile=RefOnly token=52415277910563450466637520034860141181 duration_us=79
fec_f3e seq=3 event=fec.install_plan formula_id=cell:B1 dep_count=1 required_caps=reference_resolution dependency_profile=RefOnly token=52415277910563450466637520034860141181 duration_us=35
fec_f3e seq=4 event=fec.install_plan formula_id=cell:A1 dep_count=0 required_caps=none dependency_profile=None token=289996326840714797953390871388005192738 duration_us=28
fec_f3e seq=5 event=f3e.prepare dep_count=0 required_caps=none dependency_profile=None token=257710288385739352710385142361465990000 duration_us=138
fec_f3e seq=6 event=f3e.prepare dep_count=0 required_caps=none dependency_profile=None token=311440826646563582767761675020367221789 duration_us=52
fec_f3e seq=7 event=engine.set_formula formula_id=cell:B1 dep_count=1 required_caps=reference_resolution dependency_profile=RefOnly token=52415277910563450466637520034860141181 engine_mode=manual status=ok duration_us=269
fec_f3e seq=10 event=f3e.prepare dep_count=0 required_caps=time_provider dependency_profile=TimeProvider token=202432047020465627712071025412454030269 duration_us=37
fec_f3e seq=9 event=fec.install_plan formula_id=cell:A1 dep_count=0 required_caps=none dependency_profile=None token=311440826646563582767761675020367221789 duration_us=6
fec_f3e seq=8 event=fec.install_plan formula_id=cell:A1 dep_count=0 required_caps=none dependency_profile=None token=257710288385739352710385142361465990000 duration_us=16
fec_f3e seq=11 event=fec.install_plan formula_id=cell:A1 dep_count=0 required_caps=time_provider dependency_profile=TimeProvider token=202432047020465627712071025412454030269 duration_us=7
fec_f3e seq=12 event=engine.recalculate_full recalc_mode=full formula_count=0 name_formula_count=0 eval_count=0 duration_us=2855
fec_f3e seq=14 event=engine.recalculate_full recalc_mode=full formula_count=0 name_formula_count=0 eval_count=0 duration_us=2859
fec_f3e seq=13 event=engine.recalculate_full recalc_mode=full formula_count=0 name_formula_count=0 eval_count=0 duration_us=3032
fec_f3e seq=15 event=engine.recalculate_full recalc_mode=full formula_count=0 name_formula_count=0 eval_count=0 duration_us=3080
fec_f3e seq=16 event=engine.recalculate_full recalc_mode=full formula_count=0 name_formula_count=0 eval_count=0 duration_us=2819
fec_f3e seq=17 event=engine.recalculate_full recalc_mode=full formula_count=0 name_formula_count=0 eval_count=0 duration_us=3454
fec_f3e seq=18 event=engine.recalculate_full recalc_mode=full formula_count=0 name_formula_count=0 eval_count=0 duration_us=2766
fec_f3e seq=19 event=fec.open_session formula_id=cell:A1 session_id=1 expected_token=202432047020465627712071025412454030269 snapshot_epoch=1 duration_us=12
fec_f3e seq=21 event=fec.open_session formula_id=cell:B1 session_id=1 expected_token=52415277910563450466637520034860141181 snapshot_epoch=2 duration_us=15
fec_f3e seq=20 event=fec.open_session formula_id=cell:A1 session_id=1 expected_token=289996326840714797953390871388005192738 snapshot_epoch=1 duration_us=28
fec_f3e seq=22 event=fec.open_session formula_id=cell:A1 session_id=1 expected_token=311440826646563582767761675020367221789 snapshot_epoch=1 duration_us=18
fec_f3e seq=23 event=fec.capability_view formula_id=cell:A1 required_caps=time_provider required_caps_count=1 provided_caps_count=6 decision=allowed duration_us=16
fec_f3e seq=27 event=fec.capability_view formula_id=cell:A1 required_caps=none required_caps_count=0 provided_caps_count=6 decision=allowed duration_us=11
fec_f3e seq=25 event=fec.capability_view formula_id=cell:B1 required_caps=reference_resolution required_caps_count=1 provided_caps_count=6 decision=allowed duration_us=7
fec_f3e seq=26 event=fec.capability_view formula_id=cell:A1 required_caps=none required_caps_count=0 provided_caps_count=6 decision=allowed duration_us=6
fec_f3e seq=28 event=f3e.prepare dep_count=1 required_caps=reference_resolution dependency_profile=RefOnly token=52415277910563450466637520034860141181 duration_us=64
fec_f3e seq=24 event=fec.open_session formula_id=cell:A1 session_id=1 expected_token=257710288385739352710385142361465990000 snapshot_epoch=1 duration_us=14
fec_f3e seq=33 event=fec.install_plan formula_id=cell:B1 dep_count=1 required_caps=reference_resolution dependency_profile=RefOnly token=52415277910563450466637520034860141181 duration_us=20
fec_f3e seq=34 event=fec.capability_view formula_id=cell:A1 required_caps=none required_caps_count=0 provided_caps_count=6 decision=allowed duration_us=13
fec_f3e seq=31 event=f3e.execute formula_id=cell:B1 target=cell:B1 session_id=1 token=52415277910563450466637520034860141181 required_caps=reference_resolution supports_required=true decision=allowed result_kind=scalar observation_count=2 duration_us=96
fec_f3e seq=32 event=f3e.execute formula_id=cell:A1 target=cell:A1 session_id=1 token=311440826646563582767761675020367221789 required_caps=none supports_required=true decision=allowed result_kind=scalar observation_count=1 duration_us=157
fec_f3e seq=29 event=f3e.execute formula_id=cell:A1 target=cell:A1 session_id=1 token=289996326840714797953390871388005192738 required_caps=none supports_required=true decision=allowed result_kind=array_spill observation_count=1 duration_us=52
fec_f3e seq=36 event=fec.commit formula_id=cell:B1 session_id=1 token=52415277910563450466637520034860141181 result_kind=scalar status=Applied new_token=52415277910563450459563744187020670568 dep_delta_cells=2 dep_delta_names=0 spill_shape_delta=none duration_us=21
fec_f3e seq=35 event=f3e.execute formula_id=cell:A1 target=cell:A1 session_id=1 token=257710288385739352710385142361465990000 required_caps=none supports_required=true decision=allowed result_kind=array observation_count=1 duration_us=39
fec_f3e seq=30 event=f3e.execute formula_id=cell:A1 target=cell:A1 session_id=1 token=202432047020465627712071025412454030269 required_caps=time_provider supports_required=true decision=allowed result_kind=scalar observation_count=2 duration_us=158
fec_f3e seq=37 event=fec.commit formula_id=cell:A1 session_id=1 token=311440826646563582767761675020367221789 result_kind=scalar status=Applied new_token=311440826646563582778008849920794601480 dep_delta_cells=1 dep_delta_names=0 spill_shape_delta=none duration_us=15
fec_f3e seq=38 event=fec.commit formula_id=cell:A1 session_id=1 token=289996326840714797953390871388005192738 result_kind=array_spill status=Applied new_token=289996326840714797963635093206550947895 dep_delta_cells=1 dep_delta_names=0 spill_shape_delta=created duration_us=12
fec_f3e seq=40 event=engine.evaluate_cell_via_f3e formula_id=cell:A1 session_id=1 required_caps=none result_kind=scalar commit_status=Applied token=311440826646563582767761675020367221789 new_token=311440826646563582778008849920794601480 spill_shape_delta=none duration_us=740
fec_f3e seq=39 event=engine.evaluate_cell_via_f3e formula_id=cell:B1 session_id=1 required_caps=reference_resolution result_kind=scalar commit_status=Applied token=52415277910563450466637520034860141181 new_token=52415277910563450459563744187020670568 spill_shape_delta=none duration_us=690
fec_f3e seq=41 event=engine.evaluate_cell_via_f3e formula_id=cell:A1 session_id=1 required_caps=none result_kind=array_spill commit_status=Applied token=289996326840714797953390871388005192738 new_token=289996326840714797963635093206550947895 spill_shape_delta=created duration_us=821
fec_f3e seq=42 event=f3e.prepare dep_count=1 required_caps=reference_resolution dependency_profile=RefOnly token=78423197176421162638512358377933347720 duration_us=56
fec_f3e seq=43 event=fec.install_plan formula_id=name:BASE_TOTAL dep_count=1 required_caps=reference_resolution dependency_profile=RefOnly token=78423197176421162638512358377933347720 duration_us=9
fec_f3e seq=44 event=fec.commit formula_id=cell:A1 session_id=1 token=257710288385739352710385142361465990000 result_kind=array status=Applied new_token=257710288385739352703318175854969804645 dep_delta_cells=1 dep_delta_names=0 spill_shape_delta=none duration_us=25
fec_f3e seq=45 event=engine.evaluate_cell_via_f3e formula_id=cell:A1 session_id=1 required_caps=none result_kind=array commit_status=Applied token=257710288385739352710385142361465990000 new_token=257710288385739352703318175854969804645 spill_shape_delta=none duration_us=1029
fec_f3e seq=46 event=fec.commit formula_id=cell:A1 session_id=1 token=202432047020465627712071025412454030269 result_kind=scalar status=Applied new_token=202432047020465627704445086988324005800 dep_delta_cells=1 dep_delta_names=0 spill_shape_delta=none duration_us=345
fec_f3e seq=47 event=engine.evaluate_cell_via_f3e formula_id=cell:A1 session_id=1 required_caps=time_provider result_kind=scalar commit_status=Applied token=202432047020465627712071025412454030269 new_token=202432047020465627704445086988324005800 spill_shape_delta=none duration_us=1235
fec_f3e seq=48 event=engine.recalculate_full recalc_mode=full formula_count=1 name_formula_count=0 eval_count=1 duration_us=4374
fec_f3e seq=49 event=engine.recalculate_full recalc_mode=full formula_count=1 name_formula_count=0 eval_count=1 duration_us=4724
fec_f3e seq=50 event=engine.recalculate_full recalc_mode=full formula_count=1 name_formula_count=0 eval_count=1 duration_us=4515
fec_f3e seq=51 event=engine.recalculate_full recalc_mode=full formula_count=1 name_formula_count=0 eval_count=1 duration_us=4651
fec_f3e seq=52 event=engine.recalculate_full recalc_mode=full formula_count=1 name_formula_count=0 eval_count=1 duration_us=4839
fec_f3e seq=53 event=engine.recalculate_incremental recalc_mode=incremental dirty_closure_count=0 dirty_name_count=0 eval_count=0 spill_shape_changed=false duration_us=1721
fec_f3e seq=54 event=f3e.prepare dep_count=1 required_caps=reference_resolution dependency_profile=RefOnly token=52415277910563450466637520034860141181 duration_us=114
fec_f3e seq=55 event=fec.install_plan formula_id=cell:B1 dep_count=1 required_caps=reference_resolution dependency_profile=RefOnly token=52415277910563450466637520034860141181 duration_us=25
fec_f3e seq=56 event=engine.recalculate_incremental recalc_mode=incremental dirty_closure_count=0 dirty_name_count=0 eval_count=0 spill_shape_changed=false duration_us=2348
fec_f3e seq=58 event=engine.set_formula formula_id=cell:A1 dep_count=0 required_caps=time_provider dependency_profile=TimeProvider token=202432047020465627712071025412454030269 engine_mode=automatic status=ok duration_us=5769
fec_f3e seq=57 event=engine.set_formula formula_id=cell:A1 dep_count=0 required_caps=none dependency_profile=None token=311440826646563582767761675020367221789 engine_mode=automatic status=ok duration_us=5870
fec_f3e seq=59 event=f3e.prepare dep_count=0 required_caps=random_provider dependency_profile=RandomProvider token=55660587586839704550676640645695365560 duration_us=61
fec_f3e seq=61 event=engine.set_formula formula_id=cell:A1 dep_count=0 required_caps=none dependency_profile=None token=257710288385739352710385142361465990000 engine_mode=automatic status=ok duration_us=6226
fec_f3e seq=60 event=engine.set_formula formula_id=cell:A1 dep_count=0 required_caps=none dependency_profile=None token=289996326840714797953390871388005192738 engine_mode=automatic status=ok duration_us=6508
fec_f3e seq=62 event=fec.install_plan formula_id=cell:B1 dep_count=0 required_caps=random_provider dependency_profile=RandomProvider token=55660587586839704550676640645695365560 duration_us=10
fec_f3e seq=63 event=engine.recalculate_incremental recalc_mode=incremental dirty_closure_count=0 dirty_name_count=0 eval_count=0 spill_shape_changed=false duration_us=1983
fec_f3e seq=64 event=f3e.prepare dep_count=1 required_caps=reference_resolution dependency_profile=RefOnly token=88379337995586861944051943262540786741 duration_us=49
fec_f3e seq=65 event=f3e.prepare dep_count=1 required_caps=reference_resolution dependency_profile=RefOnly token=4592118352301146385807775524407034658 duration_us=109
fec_f3e seq=66 event=fec.install_plan formula_id=cell:C1 dep_count=1 required_caps=reference_resolution dependency_profile=RefOnly token=88379337995586861944051943262540786741 duration_us=6
fec_f3e seq=67 event=fec.install_plan formula_id=cell:B1 dep_count=1 required_caps=reference_resolution dependency_profile=RefOnly token=4592118352301146385807775524407034658 duration_us=6
fec_f3e seq=68 event=engine.recalculate_incremental recalc_mode=incremental dirty_closure_count=0 dirty_name_count=0 eval_count=0 spill_shape_changed=false duration_us=2620
fec_f3e seq=69 event=fec.open_session formula_id=cell:B1 session_id=1 expected_token=52415277910563450466637520034860141181 snapshot_epoch=2 duration_us=39
fec_f3e seq=70 event=fec.capability_view formula_id=cell:B1 required_caps=reference_resolution required_caps_count=1 provided_caps_count=6 decision=allowed duration_us=15
fec_f3e seq=71 event=f3e.execute formula_id=cell:B1 target=cell:B1 session_id=1 token=52415277910563450466637520034860141181 required_caps=reference_resolution supports_required=true decision=allowed result_kind=scalar observation_count=2 duration_us=98
fec_f3e seq=72 event=fec.commit formula_id=cell:B1 session_id=1 token=52415277910563450466637520034860141181 result_kind=scalar status=Applied new_token=52415277910563450459563744187020670568 dep_delta_cells=2 dep_delta_names=0 spill_shape_delta=none duration_us=30
fec_f3e seq=73 event=engine.evaluate_cell_via_f3e formula_id=cell:B1 session_id=1 required_caps=reference_resolution result_kind=scalar commit_status=Applied token=52415277910563450466637520034860141181 new_token=52415277910563450459563744187020670568 spill_shape_delta=none duration_us=483
test seam_static_no_dependency_formula ... ok
fec_f3e seq=74 event=fec.open_session formula_id=cell:B1 session_id=2 expected_token=52415277910563450459563744187020670568 snapshot_epoch=3 duration_us=32
fec_f3e seq=75 event=engine.recalculate_full recalc_mode=full formula_count=1 name_formula_count=0 eval_count=1 duration_us=4174
fec_f3e seq=78 event=fec.open_session formula_id=cell:B1 session_id=1 expected_token=52415277910563450466637520034860141181 snapshot_epoch=3 duration_us=9
fec_f3e seq=77 event=fec.open_session formula_id=name:BASE_TOTAL session_id=1 expected_token=78423197176421162638512358377933347720 snapshot_epoch=2 duration_us=8
fec_f3e seq=79 event=fec.capability_view formula_id=cell:B1 required_caps=reference_resolution required_caps_count=1 provided_caps_count=6 decision=allowed duration_us=7
fec_f3e seq=80 event=fec.capability_view formula_id=name:BASE_TOTAL required_caps=reference_resolution required_caps_count=1 provided_caps_count=6 decision=allowed duration_us=7
fec_f3e seq=76 event=fec.capability_view formula_id=cell:B1 required_caps=reference_resolution required_caps_count=1 provided_caps_count=6 decision=allowed duration_us=12
fec_f3e seq=81 event=f3e.execute formula_id=cell:B1 target=cell:B1 session_id=1 token=52415277910563450466637520034860141181 required_caps=reference_resolution supports_required=true decision=allowed result_kind=scalar observation_count=2 duration_us=55
fec_f3e seq=83 event=f3e.execute formula_id=cell:B1 target=cell:B1 session_id=2 token=52415277910563450459563744187020670568 required_caps=reference_resolution supports_required=true decision=allowed result_kind=scalar observation_count=2 duration_us=29
fec_f3e seq=84 event=engine.recalculate_incremental recalc_mode=incremental dirty_closure_count=0 dirty_name_count=0 eval_count=0 spill_shape_changed=false duration_us=2452
fec_f3e seq=86 event=fec.commit formula_id=cell:B1 session_id=1 token=52415277910563450466637520034860141181 result_kind=scalar status=Applied new_token=52415277910563450459563744187020670568 dep_delta_cells=2 dep_delta_names=0 spill_shape_delta=none duration_us=19
fec_f3e seq=82 event=engine.recalculate_incremental recalc_mode=incremental dirty_closure_count=0 dirty_name_count=0 eval_count=0 spill_shape_changed=false duration_us=2094
fec_f3e seq=89 event=engine.evaluate_cell_via_f3e formula_id=cell:B1 session_id=1 required_caps=reference_resolution result_kind=scalar commit_status=Applied token=52415277910563450466637520034860141181 new_token=52415277910563450459563744187020670568 spill_shape_delta=none duration_us=298
fec_f3e seq=87 event=engine.recalculate_incremental recalc_mode=incremental dirty_closure_count=0 dirty_name_count=0 eval_count=0 spill_shape_changed=false duration_us=4566
fec_f3e seq=90 event=f3e.prepare dep_count=0 required_caps=reference_resolution dependency_profile=RefOnly token=249841130818718644507519559714399826472 duration_us=59
fec_f3e seq=88 event=fec.commit formula_id=cell:B1 session_id=2 token=52415277910563450459563744187020670568 result_kind=scalar status=Applied new_token=52415277910563450459563744187020670568 dep_delta_cells=0 dep_delta_names=0 spill_shape_delta=none duration_us=15
fec_f3e seq=91 event=fec.install_plan formula_id=cell:C1 dep_count=0 required_caps=reference_resolution dependency_profile=RefOnly token=249841130818718644507519559714399826472 duration_us=8
fec_f3e seq=92 event=engine.evaluate_cell_via_f3e formula_id=cell:B1 session_id=2 required_caps=reference_resolution result_kind=scalar commit_status=Applied token=52415277910563450459563744187020670568 new_token=52415277910563450459563744187020670568 spill_shape_delta=none duration_us=756
fec_f3e seq=85 event=f3e.execute formula_id=name:BASE_TOTAL target=name:BASE_TOTAL session_id=1 token=78423197176421162638512358377933347720 required_caps=reference_resolution supports_required=true decision=allowed result_kind=scalar observation_count=2 duration_us=81
fec_f3e seq=93 event=f3e.prepare dep_count=2 required_caps=reference_resolution dependency_profile=RefOnly token=132947552996771765935206230333497766841 duration_us=43
fec_f3e seq=94 event=fec.commit formula_id=name:BASE_TOTAL session_id=1 token=78423197176421162638512358377933347720 result_kind=scalar status=Applied new_token=78423197176421162631436386733432498077 dep_delta_cells=1 dep_delta_names=1 spill_shape_delta=none duration_us=14
fec_f3e seq=95 event=fec.install_plan formula_id=cell:C1 dep_count=2 required_caps=reference_resolution dependency_profile=RefOnly token=132947552996771765935206230333497766841 duration_us=10
fec_f3e seq=96 event=engine.evaluate_name_via_f3e formula_id=name:BASE_TOTAL session_id=1 required_caps=reference_resolution result_kind=scalar commit_status=Applied token=78423197176421162638512358377933347720 new_token=78423197176421162631436386733432498077 duration_us=575
fec_f3e seq=97 event=engine.set_formula formula_id=cell:B1 dep_count=1 required_caps=reference_resolution dependency_profile=RefOnly token=52415277910563450466637520034860141181 engine_mode=automatic status=ok duration_us=5161
fec_f3e seq=98 event=engine.recalculate_full recalc_mode=full formula_count=1 name_formula_count=0 eval_count=1 duration_us=3192
fec_f3e seq=99 event=fec.open_session formula_id=cell:B1 session_id=2 expected_token=55660587586839704550676640645695365560 snapshot_epoch=2 duration_us=6
fec_f3e seq=100 event=fec.capability_view formula_id=cell:B1 required_caps=random_provider required_caps_count=1 provided_caps_count=6 decision=allowed duration_us=4
fec_f3e seq=101 event=f3e.execute formula_id=cell:B1 target=cell:B1 session_id=2 token=55660587586839704550676640645695365560 required_caps=random_provider supports_required=true decision=allowed result_kind=scalar observation_count=2 duration_us=28
fec_f3e seq=102 event=fec.commit formula_id=cell:B1 session_id=2 token=55660587586839704550676640645695365560 result_kind=scalar status=Applied new_token=55660587586839704562056874858738949549 dep_delta_cells=1 dep_delta_names=0 spill_shape_delta=none duration_us=9
fec_f3e seq=103 event=engine.evaluate_cell_via_f3e formula_id=cell:B1 session_id=2 required_caps=random_provider result_kind=scalar commit_status=Applied token=55660587586839704550676640645695365560 new_token=55660587586839704562056874858738949549 spill_shape_delta=none duration_us=191
fec_f3e seq=104 event=fec.open_session formula_id=cell:A1 session_id=3 expected_token=202432047020465627704445086988324005800 snapshot_epoch=2 duration_us=2
fec_f3e seq=105 event=fec.capability_view formula_id=cell:A1 required_caps=time_provider required_caps_count=1 provided_caps_count=6 decision=allowed duration_us=3
fec_f3e seq=107 event=f3e.execute formula_id=cell:A1 target=cell:A1 session_id=3 token=202432047020465627704445086988324005800 required_caps=time_provider supports_required=true decision=allowed result_kind=scalar observation_count=2 duration_us=12
fec_f3e seq=108 event=fec.commit formula_id=cell:A1 session_id=3 token=202432047020465627704445086988324005800 result_kind=scalar status=Applied new_token=202432047020465627704445086988324005800 dep_delta_cells=0 dep_delta_names=0 spill_shape_delta=none duration_us=8
fec_f3e seq=109 event=engine.evaluate_cell_via_f3e formula_id=cell:A1 session_id=3 required_caps=time_provider result_kind=scalar commit_status=Applied token=202432047020465627704445086988324005800 new_token=202432047020465627704445086988324005800 spill_shape_delta=none duration_us=110
fec_f3e seq=110 event=engine.recalculate_incremental recalc_mode=incremental dirty_closure_count=1 dirty_name_count=0 eval_count=1 spill_shape_changed=false duration_us=3032
fec_f3e seq=113 event=engine.recalculate_full recalc_mode=full formula_count=0 name_formula_count=1 eval_count=0 duration_us=4618
fec_f3e seq=106 event=engine.recalculate_incremental recalc_mode=incremental dirty_closure_count=0 dirty_name_count=0 eval_count=0 spill_shape_changed=false duration_us=2128
fec_f3e seq=111 event=fec.open_session formula_id=cell:B1 session_id=2 expected_token=4592118352301146385807775524407034658 snapshot_epoch=2 duration_us=7
fec_f3e seq=112 event=fec.open_session formula_id=cell:A1 session_id=2 expected_token=289996326840714797963635093206550947895 snapshot_epoch=2 duration_us=9
fec_f3e seq=114 event=fec.capability_view formula_id=cell:B1 required_caps=reference_resolution required_caps_count=1 provided_caps_count=6 decision=allowed duration_us=9
fec_f3e seq=115 event=engine.set_formula formula_id=cell:B1 dep_count=1 required_caps=reference_resolution dependency_profile=RefOnly token=52415277910563450466637520034860141181 engine_mode=automatic status=ok duration_us=4131
fec_f3e seq=116 event=f3e.execute formula_id=cell:B1 target=cell:B1 session_id=2 token=4592118352301146385807775524407034658 required_caps=reference_resolution supports_required=true decision=allowed result_kind=scalar observation_count=3 duration_us=82
fec_f3e seq=117 event=fec.commit formula_id=cell:B1 session_id=2 token=4592118352301146385807775524407034658 result_kind=scalar status=Applied new_token=4592118352301146376715368073896869687 dep_delta_cells=3 dep_delta_names=0 spill_shape_delta=none duration_us=15
fec_f3e seq=118 event=f3e.prepare dep_count=1 required_caps=reference_resolution dependency_profile=RefOnly token=15020674109657742533735064645791091909 duration_us=41
fec_f3e seq=119 event=fec.install_plan formula_id=cell:C1 dep_count=1 required_caps=reference_resolution dependency_profile=RefOnly token=15020674109657742533735064645791091909 duration_us=8
fec_f3e seq=120 event=engine.recalculate_full recalc_mode=full formula_count=2 name_formula_count=0 eval_count=2 duration_us=3310
fec_f3e seq=121 event=engine.evaluate_cell_via_f3e formula_id=cell:B1 session_id=2 required_caps=reference_resolution result_kind=scalar commit_status=Applied token=4592118352301146385807775524407034658 new_token=4592118352301146376715368073896869687 spill_shape_delta=none duration_us=474
fec_f3e seq=122 event=fec.capability_view formula_id=cell:A1 required_caps=none required_caps_count=0 provided_caps_count=6 decision=allowed duration_us=4
fec_f3e seq=123 event=f3e.prepare dep_count=3 required_caps=reference_resolution dependency_profile=RefOnly token=206192843907074031933870911702998267774 duration_us=376
fec_f3e seq=124 event=fec.open_session formula_id=cell:A1 session_id=3 expected_token=257710288385739352703318175854969804645 snapshot_epoch=2 duration_us=5
fec_f3e seq=125 event=f3e.execute formula_id=cell:A1 target=cell:A1 session_id=2 token=289996326840714797963635093206550947895 required_caps=none supports_required=true decision=allowed result_kind=array_spill observation_count=1 duration_us=35
fec_f3e seq=126 event=fec.capability_view formula_id=cell:A1 required_caps=none required_caps_count=0 provided_caps_count=6 decision=allowed duration_us=12
fec_f3e seq=129 event=fec.commit formula_id=cell:A1 session_id=2 token=289996326840714797963635093206550947895 result_kind=array_spill status=Applied new_token=289996326840714797963635093206550947895 dep_delta_cells=0 dep_delta_names=0 spill_shape_delta=none duration_us=14
fec_f3e seq=127 event=engine.set_name_formula formula_id=name:BASE_TOTAL dep_count=1 required_caps=reference_resolution dependency_profile=RefOnly token=78423197176421162638512358377933347720 engine_mode=automatic status=ok duration_us=5713
fec_f3e seq=130 event=engine.evaluate_cell_via_f3e formula_id=cell:A1 session_id=2 required_caps=none result_kind=array_spill commit_status=Applied token=289996326840714797963635093206550947895 new_token=289996326840714797963635093206550947895 spill_shape_delta=none duration_us=691
test seam_manual_vs_automatic_recalc_modes ... ok
fec_f3e seq=128 event=fec.install_plan formula_id=cell:B1 dep_count=3 required_caps=reference_resolution dependency_profile=RefOnly token=206192843907074031933870911702998267774 duration_us=62
fec_f3e seq=131 event=f3e.execute formula_id=cell:A1 target=cell:A1 session_id=3 token=257710288385739352703318175854969804645 required_caps=none supports_required=true decision=allowed result_kind=array observation_count=1 duration_us=20
fec_f3e seq=132 event=fec.open_session formula_id=cell:C1 session_id=3 expected_token=88379337995586861944051943262540786741 snapshot_epoch=2 duration_us=3
fec_f3e seq=133 event=fec.commit formula_id=cell:A1 session_id=3 token=257710288385739352703318175854969804645 result_kind=array status=Applied new_token=257710288385739352703318175854969804645 dep_delta_cells=0 dep_delta_names=0 spill_shape_delta=none duration_us=23
fec_f3e seq=134 event=fec.capability_view formula_id=cell:C1 required_caps=reference_resolution required_caps_count=1 provided_caps_count=6 decision=allowed duration_us=8
fec_f3e seq=135 event=engine.evaluate_cell_via_f3e formula_id=cell:A1 session_id=3 required_caps=none result_kind=array commit_status=Applied token=257710288385739352703318175854969804645 new_token=257710288385739352703318175854969804645 spill_shape_delta=none duration_us=313
fec_f3e seq=136 event=f3e.execute formula_id=cell:C1 target=cell:C1 session_id=3 token=88379337995586861944051943262540786741 required_caps=reference_resolution supports_required=true decision=allowed result_kind=scalar observation_count=2 duration_us=76
fec_f3e seq=137 event=fec.open_session formula_id=cell:B1 session_id=2 expected_token=52415277910563450459563744187020670568 snapshot_epoch=3 duration_us=7
fec_f3e seq=138 event=fec.commit formula_id=cell:C1 session_id=3 token=88379337995586861944051943262540786741 result_kind=scalar status=Applied new_token=88379337995586861954002305133368414240 dep_delta_cells=2 dep_delta_names=0 spill_shape_delta=none duration_us=9
fec_f3e seq=139 event=engine.set_formula formula_id=cell:B1 dep_count=0 required_caps=random_provider dependency_profile=RandomProvider token=55660587586839704550676640645695365560 engine_mode=automatic status=ok duration_us=4175
fec_f3e seq=141 event=engine.evaluate_cell_via_f3e formula_id=cell:C1 session_id=3 required_caps=reference_resolution result_kind=scalar commit_status=Applied token=88379337995586861944051943262540786741 new_token=88379337995586861954002305133368414240 spill_shape_delta=none duration_us=333
fec_f3e seq=140 event=fec.capability_view formula_id=cell:B1 required_caps=reference_resolution required_caps_count=1 provided_caps_count=6 decision=allowed duration_us=16
fec_f3e seq=142 event=f3e.prepare dep_count=0 required_caps=external_provider dependency_profile=ExternalProvider token=203681038704763270674637618788660140728 duration_us=49
fec_f3e seq=143 event=fec.install_plan formula_id=cell:C1 dep_count=0 required_caps=external_provider dependency_profile=ExternalProvider token=203681038704763270674637618788660140728 duration_us=5
fec_f3e seq=144 event=f3e.execute formula_id=cell:B1 target=cell:B1 session_id=2 token=52415277910563450459563744187020670568 required_caps=reference_resolution supports_required=true decision=allowed result_kind=scalar observation_count=2 duration_us=53
fec_f3e seq=145 event=fec.commit formula_id=cell:B1 session_id=2 token=52415277910563450459563744187020670568 result_kind=scalar status=Applied new_token=52415277910563450459563744187020670568 dep_delta_cells=0 dep_delta_names=0 spill_shape_delta=none duration_us=24
fec_f3e seq=146 event=engine.evaluate_cell_via_f3e formula_id=cell:B1 session_id=2 required_caps=reference_resolution result_kind=scalar commit_status=Applied token=52415277910563450459563744187020670568 new_token=52415277910563450459563744187020670568 spill_shape_delta=none duration_us=406
fec_f3e seq=148 event=engine.recalculate_full recalc_mode=full formula_count=2 name_formula_count=0 eval_count=2 duration_us=4197
fec_f3e seq=147 event=engine.recalculate_full recalc_mode=full formula_count=2 name_formula_count=0 eval_count=2 duration_us=4233
fec_f3e seq=151 event=fec.open_session formula_id=cell:C1 session_id=1 expected_token=132947552996771765935206230333497766841 snapshot_epoch=3 duration_us=16
fec_f3e seq=150 event=engine.recalculate_incremental recalc_mode=incremental dirty_closure_count=0 dirty_name_count=0 eval_count=0 spill_shape_changed=false duration_us=2187
fec_f3e seq=149 event=fec.open_session formula_id=cell:C1 session_id=1 expected_token=249841130818718644507519559714399826472 snapshot_epoch=4 duration_us=11
fec_f3e seq=153 event=fec.capability_view formula_id=cell:C1 required_caps=reference_resolution required_caps_count=1 provided_caps_count=6 decision=allowed duration_us=18
fec_f3e seq=152 event=fec.capability_view formula_id=cell:C1 required_caps=reference_resolution required_caps_count=1 provided_caps_count=6 decision=allowed duration_us=18
fec_f3e seq=154 event=engine.recalculate_incremental recalc_mode=incremental dirty_closure_count=1 dirty_name_count=0 eval_count=1 spill_shape_changed=false duration_us=2470
fec_f3e seq=155 event=f3e.execute formula_id=cell:C1 target=cell:C1 session_id=1 token=132947552996771765935206230333497766841 required_caps=reference_resolution supports_required=true decision=allowed result_kind=scalar observation_count=3 duration_us=97
fec_f3e seq=156 event=f3e.execute formula_id=cell:C1 target=cell:C1 session_id=1 token=249841130818718644507519559714399826472 required_caps=reference_resolution supports_required=true decision=allowed result_kind=scalar observation_count=2 duration_us=171
fec_f3e seq=157 event=fec.commit formula_id=cell:C1 session_id=1 token=132947552996771765935206230333497766841 result_kind=scalar status=Applied new_token=132947552996771765945721351063343009708 dep_delta_cells=3 dep_delta_names=0 spill_shape_delta=none duration_us=33
fec_f3e seq=158 event=fec.commit formula_id=cell:C1 session_id=1 token=249841130818718644507519559714399826472 result_kind=scalar status=Applied new_token=249841130818718644515718530615582772797 dep_delta_cells=2 dep_delta_names=0 spill_shape_delta=none duration_us=25
fec_f3e seq=160 event=engine.set_formula formula_id=cell:C1 dep_count=1 required_caps=reference_resolution dependency_profile=RefOnly token=88379337995586861944051943262540786741 engine_mode=automatic status=ok duration_us=5260
fec_f3e seq=159 event=engine.evaluate_cell_via_f3e formula_id=cell:C1 session_id=1 required_caps=reference_resolution result_kind=scalar commit_status=Applied token=132947552996771765935206230333497766841 new_token=132947552996771765945721351063343009708 spill_shape_delta=none duration_us=694
fec_f3e seq=161 event=engine.evaluate_cell_via_f3e formula_id=cell:C1 session_id=1 required_caps=reference_resolution result_kind=scalar commit_status=Applied token=249841130818718644507519559714399826472 new_token=249841130818718644515718530615582772797 spill_shape_delta=none duration_us=764
fec_f3e seq=162 event=engine.set_formula formula_id=cell:B1 dep_count=1 required_caps=reference_resolution dependency_profile=RefOnly token=4592118352301146385807775524407034658 engine_mode=automatic status=ok duration_us=5325
fec_f3e seq=163 event=fec.open_session formula_id=cell:B1 session_id=2 expected_token=52415277910563450459563744187020670568 snapshot_epoch=4 duration_us=18
fec_f3e seq=164 event=f3e.prepare dep_count=0 required_caps=none dependency_profile=None token=11078617821310167875760218292711959220 duration_us=72
fec_f3e seq=165 event=fec.capability_view formula_id=cell:B1 required_caps=reference_resolution required_caps_count=1 provided_caps_count=6 decision=allowed duration_us=11
fec_f3e seq=166 event=f3e.prepare dep_count=0 required_caps=none dependency_profile=None token=247122659375665552326839467858712073807 duration_us=69
fec_f3e seq=169 event=f3e.execute formula_id=cell:B1 target=cell:B1 session_id=2 token=52415277910563450459563744187020670568 required_caps=reference_resolution supports_required=true decision=allowed result_kind=scalar observation_count=2 duration_us=41
fec_f3e seq=168 event=engine.recalculate_full recalc_mode=full formula_count=1 name_formula_count=0 eval_count=1 duration_us=3154
fec_f3e seq=167 event=fec.install_plan formula_id=cell:A1 dep_count=0 required_caps=none dependency_profile=None token=11078617821310167875760218292711959220 duration_us=10
test seam_static_ref_only_formula ... ok
fec_f3e seq=170 event=fec.commit formula_id=cell:B1 session_id=2 token=52415277910563450459563744187020670568 result_kind=scalar status=Applied new_token=52415277910563450459563744187020670568 dep_delta_cells=0 dep_delta_names=0 spill_shape_delta=none duration_us=13
fec_f3e seq=171 event=fec.install_plan formula_id=cell:A1 dep_count=0 required_caps=none dependency_profile=None token=247122659375665552326839467858712073807 duration_us=18
fec_f3e seq=173 event=engine.evaluate_cell_via_f3e formula_id=cell:B1 session_id=2 required_caps=reference_resolution result_kind=scalar commit_status=Applied token=52415277910563450459563744187020670568 new_token=52415277910563450459563744187020670568 spill_shape_delta=none duration_us=554
fec_f3e seq=172 event=fec.open_session formula_id=cell:B1 session_id=1 expected_token=206192843907074031933870911702998267774 snapshot_epoch=4 duration_us=6
fec_f3e seq=174 event=fec.capability_view formula_id=cell:B1 required_caps=reference_resolution required_caps_count=1 provided_caps_count=6 decision=allowed duration_us=6
fec_f3e seq=176 event=f3e.execute formula_id=cell:B1 target=cell:B1 session_id=1 token=206192843907074031933870911702998267774 required_caps=reference_resolution supports_required=true decision=allowed result_kind=scalar observation_count=3 duration_us=29
fec_f3e seq=177 event=fec.commit formula_id=cell:B1 session_id=1 token=206192843907074031933870911702998267774 result_kind=scalar status=Applied new_token=206192843907074031940928308196911565675 dep_delta_cells=3 dep_delta_names=0 spill_shape_delta=none duration_us=8
fec_f3e seq=178 event=engine.evaluate_cell_via_f3e formula_id=cell:B1 session_id=1 required_caps=reference_resolution result_kind=scalar commit_status=Applied token=206192843907074031933870911702998267774 new_token=206192843907074031940928308196911565675 spill_shape_delta=none duration_us=360
fec_f3e seq=179 event=fec.open_session formula_id=name:BASE_TOTAL session_id=2 expected_token=78423197176421162631436386733432498077 snapshot_epoch=3 duration_us=3
fec_f3e seq=175 event=engine.recalculate_full recalc_mode=full formula_count=1 name_formula_count=0 eval_count=1 duration_us=3626
fec_f3e seq=180 event=fec.capability_view formula_id=name:BASE_TOTAL required_caps=reference_resolution required_caps_count=1 provided_caps_count=6 decision=allowed duration_us=4
fec_f3e seq=182 event=fec.open_session formula_id=cell:C1 session_id=3 expected_token=15020674109657742533735064645791091909 snapshot_epoch=4 duration_us=12
fec_f3e seq=181 event=fec.open_session formula_id=cell:C1 session_id=4 expected_token=203681038704763270674637618788660140728 snapshot_epoch=3 duration_us=6
fec_f3e seq=183 event=f3e.execute formula_id=name:BASE_TOTAL target=name:BASE_TOTAL session_id=2 token=78423197176421162631436386733432498077 required_caps=reference_resolution supports_required=true decision=allowed result_kind=scalar observation_count=2 duration_us=32
fec_f3e seq=185 event=fec.capability_view formula_id=cell:C1 required_caps=external_provider required_caps_count=1 provided_caps_count=6 decision=allowed duration_us=8
fec_f3e seq=184 event=fec.capability_view formula_id=cell:C1 required_caps=reference_resolution required_caps_count=1 provided_caps_count=6 decision=allowed duration_us=14
fec_f3e seq=187 event=f3e.execute formula_id=cell:C1 target=cell:C1 session_id=4 token=203681038704763270674637618788660140728 required_caps=external_provider supports_required=true decision=allowed result_kind=scalar observation_count=2 duration_us=27
fec_f3e seq=186 event=fec.commit formula_id=name:BASE_TOTAL session_id=2 token=78423197176421162631436386733432498077 result_kind=scalar status=Applied new_token=78423197176421162631436386733432498077 dep_delta_cells=0 dep_delta_names=0 spill_shape_delta=none duration_us=19
fec_f3e seq=188 event=fec.commit formula_id=cell:C1 session_id=4 token=203681038704763270674637618788660140728 result_kind=scalar status=Applied new_token=203681038704763270684875208362034308781 dep_delta_cells=1 dep_delta_names=0 spill_shape_delta=none duration_us=7
fec_f3e seq=189 event=engine.evaluate_name_via_f3e formula_id=name:BASE_TOTAL session_id=2 required_caps=reference_resolution result_kind=scalar commit_status=Applied token=78423197176421162631436386733432498077 new_token=78423197176421162631436386733432498077 duration_us=468
fec_f3e seq=190 event=engine.evaluate_cell_via_f3e formula_id=cell:C1 session_id=4 required_caps=external_provider result_kind=scalar commit_status=Applied token=203681038704763270674637618788660140728 new_token=203681038704763270684875208362034308781 spill_shape_delta=none duration_us=337
fec_f3e seq=192 event=fec.open_session formula_id=name:TAX_RATE session_id=3 expected_token=0 snapshot_epoch=3 duration_us=2
fec_f3e seq=191 event=f3e.execute formula_id=cell:C1 target=cell:C1 session_id=3 token=15020674109657742533735064645791091909 required_caps=reference_resolution supports_required=true decision=allowed result_kind=scalar observation_count=2 duration_us=57
fec_f3e seq=193 event=fec.open_session formula_id=cell:B1 session_id=5 expected_token=55660587586839704562056874858738949549 snapshot_epoch=3 duration_us=2
fec_f3e seq=194 event=fec.capability_view formula_id=name:TAX_RATE required_caps=none required_caps_count=0 provided_caps_count=6 decision=allowed duration_us=1
fec_f3e seq=198 event=engine.recalculate_full recalc_mode=full formula_count=1 name_formula_count=0 eval_count=1 duration_us=2959
fec_f3e seq=195 event=fec.capability_view formula_id=cell:B1 required_caps=random_provider required_caps_count=1 provided_caps_count=6 decision=allowed duration_us=4
fec_f3e seq=196 event=engine.set_formula formula_id=cell:C1 dep_count=2 required_caps=reference_resolution dependency_profile=RefOnly token=132947552996771765935206230333497766841 engine_mode=automatic status=ok duration_us=4262
fec_f3e seq=197 event=fec.commit formula_id=cell:C1 session_id=3 token=15020674109657742533735064645791091909 result_kind=scalar status=Applied new_token=15020674109657742524669522378281054416 dep_delta_cells=2 dep_delta_names=0 spill_shape_delta=none duration_us=28
fec_f3e seq=199 event=f3e.execute formula_id=name:TAX_RATE target=name:TAX_RATE session_id=3 token=0 required_caps=none supports_required=true decision=allowed result_kind=scalar observation_count=1 duration_us=16
fec_f3e seq=200 event=f3e.execute formula_id=cell:B1 target=cell:B1 session_id=5 token=55660587586839704562056874858738949549 required_caps=random_provider supports_required=true decision=allowed result_kind=scalar observation_count=2 duration_us=16
fec_f3e seq=202 event=fec.commit formula_id=name:TAX_RATE session_id=3 token=0 result_kind=scalar status=RejectedTokenMismatch new_token=0 dep_delta_cells=0 dep_delta_names=0 spill_shape_delta=none duration_us=6
fec_f3e seq=201 event=engine.evaluate_cell_via_f3e formula_id=cell:C1 session_id=3 required_caps=reference_resolution result_kind=scalar commit_status=Applied token=15020674109657742533735064645791091909 new_token=15020674109657742524669522378281054416 spill_shape_delta=none duration_us=651
fec_f3e seq=204 event=fec.commit formula_id=cell:B1 session_id=5 token=55660587586839704562056874858738949549 result_kind=scalar status=Applied new_token=55660587586839704562056874858738949549 dep_delta_cells=0 dep_delta_names=0 spill_shape_delta=none duration_us=9
fec_f3e seq=205 event=engine.evaluate_name_via_f3e formula_id=name:TAX_RATE session_id=3 required_caps=none result_kind=scalar commit_status=RejectedTokenMismatch token=0 new_token=0 duration_us=315
fec_f3e seq=206 event=engine.evaluate_cell_via_f3e formula_id=cell:B1 session_id=5 required_caps=random_provider result_kind=scalar commit_status=Applied token=55660587586839704562056874858738949549 new_token=55660587586839704562056874858738949549 spill_shape_delta=none duration_us=352
fec_f3e seq=203 event=engine.set_formula formula_id=cell:C1 dep_count=0 required_caps=reference_resolution dependency_profile=RefOnly token=249841130818718644507519559714399826472 engine_mode=automatic status=ok duration_us=4560
fec_f3e seq=207 event=fec.open_session formula_id=cell:A1 session_id=6 expected_token=202432047020465627704445086988324005800 snapshot_epoch=3 duration_us=3
fec_f3e seq=208 event=fec.capability_view formula_id=cell:A1 required_caps=time_provider required_caps_count=1 provided_caps_count=6 decision=allowed duration_us=5
fec_f3e seq=209 event=f3e.execute formula_id=cell:A1 target=cell:A1 session_id=6 token=202432047020465627704445086988324005800 required_caps=time_provider supports_required=true decision=allowed result_kind=scalar observation_count=2 duration_us=22
fec_f3e seq=211 event=fec.commit formula_id=cell:A1 session_id=6 token=202432047020465627704445086988324005800 result_kind=scalar status=Applied new_token=202432047020465627704445086988324005800 dep_delta_cells=0 dep_delta_names=0 spill_shape_delta=none duration_us=7
fec_f3e seq=210 event=engine.recalculate_incremental recalc_mode=incremental dirty_closure_count=0 dirty_name_count=0 eval_count=0 spill_shape_changed=false duration_us=2221
fec_f3e seq=212 event=engine.evaluate_cell_via_f3e formula_id=cell:A1 session_id=6 required_caps=time_provider result_kind=scalar commit_status=Applied token=202432047020465627704445086988324005800 new_token=202432047020465627704445086988324005800 spill_shape_delta=none duration_us=186
fec_f3e seq=213 event=f3e.prepare dep_count=1 required_caps=reference_resolution dependency_profile=RefOnly token=49271505141864435238867552207459027756 duration_us=110
fec_f3e seq=215 event=engine.recalculate_full recalc_mode=full formula_count=0 name_formula_count=1 eval_count=0 duration_us=3714
fec_f3e seq=216 event=engine.recalculate_full recalc_mode=full formula_count=2 name_formula_count=0 eval_count=2 duration_us=4134
fec_f3e seq=217 event=fec.install_plan formula_id=cell:C2 dep_count=1 required_caps=reference_resolution dependency_profile=RefOnly token=49271505141864435238867552207459027756 duration_us=11
fec_f3e seq=214 event=engine.set_formula formula_id=cell:B1 dep_count=3 required_caps=reference_resolution dependency_profile=RefOnly token=206192843907074031933870911702998267774 engine_mode=automatic status=ok duration_us=4173
fec_f3e seq=219 event=engine.recalculate_full recalc_mode=full formula_count=3 name_formula_count=0 eval_count=3 duration_us=3730
fec_f3e seq=218 event=fec.install_plan formula_id=cell:D1 dep_count=2 required_caps=reference_resolution dependency_profile=RefOnly token=232217524077061522668920504132809148913 duration_us=22
fec_f3e seq=220 event=f3e.prepare dep_count=0 required_caps=none dependency_profile=None token=24639975517504217912909398030003387057 duration_us=44
fec_f3e seq=221 event=fec.open_session formula_id=cell:A1 session_id=4 expected_token=11078617821310167875760218292711959220 snapshot_epoch=3 duration_us=10
fec_f3e seq=222 event=fec.install_plan formula_id=name:GRAND_TOTAL dep_count=0 required_caps=none dependency_profile=None token=24639975517504217912909398030003387057 duration_us=6
fec_f3e seq=223 event=fec.capability_view formula_id=cell:A1 required_caps=none required_caps_count=0 provided_caps_count=6 decision=allowed duration_us=3
fec_f3e seq=224 event=fec.open_session formula_id=cell:B1 session_id=4 expected_token=4592118352301146376715368073896869687 snapshot_epoch=3 duration_us=6
fec_f3e seq=226 event=engine.set_formula formula_id=cell:C1 dep_count=1 required_caps=reference_resolution dependency_profile=RefOnly token=15020674109657742533735064645791091909 engine_mode=automatic status=ok duration_us=5056
fec_f3e seq=225 event=f3e.execute formula_id=cell:A1 target=cell:A1 session_id=4 token=11078617821310167875760218292711959220 required_caps=none supports_required=true decision=allowed result_kind=array_spill observation_count=1 duration_us=36
fec_f3e seq=227 event=fec.capability_view formula_id=cell:B1 required_caps=reference_resolution required_caps_count=1 provided_caps_count=6 decision=allowed duration_us=5
fec_f3e seq=228 event=engine.set_formula formula_id=cell:C1 dep_count=0 required_caps=external_provider dependency_profile=ExternalProvider token=203681038704763270674637618788660140728 engine_mode=automatic status=ok duration_us=4424
fec_f3e seq=229 event=fec.commit formula_id=cell:A1 session_id=4 token=11078617821310167875760218292711959220 result_kind=array_spill status=Applied new_token=11078617821310167866120080404029363873 dep_delta_cells=0 dep_delta_names=0 spill_shape_delta=resized duration_us=18
fec_f3e seq=230 event=f3e.prepare dep_count=1 required_caps=reference_resolution dependency_profile=RefOnly token=42973499849006228386732613219402624189 duration_us=49
fec_f3e seq=231 event=engine.evaluate_cell_via_f3e formula_id=cell:A1 session_id=4 required_caps=none result_kind=array_spill commit_status=Applied token=11078617821310167875760218292711959220 new_token=11078617821310167866120080404029363873 spill_shape_delta=resized duration_us=434
fec_f3e seq=232 event=fec.install_plan formula_id=cell:D1 dep_count=1 required_caps=reference_resolution dependency_profile=RefOnly token=42973499849006228386732613219402624189 duration_us=12
fec_f3e seq=234 event=fec.open_session formula_id=cell:C1 session_id=5 expected_token=88379337995586861954002305133368414240 snapshot_epoch=3 duration_us=4
fec_f3e seq=235 event=fec.capability_view formula_id=cell:C1 required_caps=reference_resolution required_caps_count=1 provided_caps_count=6 decision=allowed duration_us=5
fec_f3e seq=233 event=f3e.execute formula_id=cell:B1 target=cell:B1 session_id=4 token=4592118352301146376715368073896869687 required_caps=reference_resolution supports_required=true decision=allowed result_kind=scalar observation_count=4 duration_us=123
fec_f3e seq=236 event=f3e.execute formula_id=cell:C1 target=cell:C1 session_id=5 token=88379337995586861954002305133368414240 required_caps=reference_resolution supports_required=true decision=allowed result_kind=scalar observation_count=2 duration_us=21
fec_f3e seq=237 event=fec.commit formula_id=cell:C1 session_id=5 token=88379337995586861954002305133368414240 result_kind=scalar status=Applied new_token=88379337995586861954002305133368414240 dep_delta_cells=0 dep_delta_names=0 spill_shape_delta=none duration_us=11
fec_f3e seq=238 event=fec.commit formula_id=cell:B1 session_id=4 token=4592118352301146376715368073896869687 result_kind=scalar status=Applied new_token=4592118352301146385807775520112067362 dep_delta_cells=0 dep_delta_names=0 spill_shape_delta=none duration_us=33
fec_f3e seq=239 event=engine.evaluate_cell_via_f3e formula_id=cell:C1 session_id=5 required_caps=reference_resolution result_kind=scalar commit_status=Applied token=88379337995586861954002305133368414240 new_token=88379337995586861954002305133368414240 spill_shape_delta=none duration_us=210
fec_f3e seq=240 event=engine.evaluate_cell_via_f3e formula_id=cell:B1 session_id=4 required_caps=reference_resolution result_kind=scalar commit_status=Applied token=4592118352301146376715368073896869687 new_token=4592118352301146385807775520112067362 spill_shape_delta=none duration_us=563
fec_f3e seq=241 event=fec.open_session formula_id=cell:A1 session_id=5 expected_token=247122659375665552326839467858712073807 snapshot_epoch=3 duration_us=6
fec_f3e seq=242 event=fec.capability_view formula_id=cell:A1 required_caps=none required_caps_count=0 provided_caps_count=6 decision=allowed duration_us=3
fec_f3e seq=243 event=f3e.execute formula_id=cell:A1 target=cell:A1 session_id=5 token=247122659375665552326839467858712073807 required_caps=none supports_required=true decision=allowed result_kind=array_spill observation_count=1 duration_us=19
fec_f3e seq=244 event=fec.commit formula_id=cell:A1 session_id=5 token=247122659375665552326839467858712073807 result_kind=array_spill status=Applied new_token=247122659375665552335627970216560323162 dep_delta_cells=0 dep_delta_names=0 spill_shape_delta=created duration_us=14
fec_f3e seq=245 event=engine.evaluate_cell_via_f3e formula_id=cell:A1 session_id=5 required_caps=none result_kind=array_spill commit_status=Applied token=247122659375665552326839467858712073807 new_token=247122659375665552335627970216560323162 spill_shape_delta=created duration_us=200
fec_f3e seq=246 event=engine.recalculate_full recalc_mode=full formula_count=2 name_formula_count=0 eval_count=2 duration_us=3389
fec_f3e seq=247 event=engine.recalculate_incremental recalc_mode=incremental dirty_closure_count=0 dirty_name_count=0 eval_count=0 spill_shape_changed=false duration_us=2400
fec_f3e seq=248 event=engine.recalculate_full recalc_mode=full formula_count=2 name_formula_count=0 eval_count=2 duration_us=3659
fec_f3e seq=249 event=fec.open_session formula_id=cell:D1 session_id=1 expected_token=232217524077061522668920504132809148913 snapshot_epoch=4 duration_us=15
fec_f3e seq=250 event=fec.capability_view formula_id=cell:D1 required_caps=reference_resolution required_caps_count=1 provided_caps_count=6 decision=allowed duration_us=6
fec_f3e seq=251 event=fec.open_session formula_id=cell:B1 session_id=2 expected_token=206192843907074031940928308196911565675 snapshot_epoch=5 duration_us=17
fec_f3e seq=252 event=f3e.execute formula_id=cell:D1 target=cell:D1 session_id=1 token=232217524077061522668920504132809148913 required_caps=reference_resolution supports_required=true decision=allowed result_kind=scalar observation_count=3 duration_us=45
fec_f3e seq=253 event=engine.set_formula formula_id=cell:A1 dep_count=0 required_caps=none dependency_profile=None token=11078617821310167875760218292711959220 engine_mode=automatic status=ok duration_us=4517
fec_f3e seq=257 event=fec.commit formula_id=cell:D1 session_id=1 token=232217524077061522668920504132809148913 result_kind=scalar status=Applied new_token=232217524077061522677707970010090321380 dep_delta_cells=3 dep_delta_names=0 spill_shape_delta=none duration_us=19
fec_f3e seq=255 event=fec.open_session formula_id=cell:C1 session_id=7 expected_token=203681038704763270684875208362034308781 snapshot_epoch=4 duration_us=4
fec_f3e seq=259 event=fec.capability_view formula_id=cell:C1 required_caps=external_provider required_caps_count=1 provided_caps_count=6 decision=allowed duration_us=4
fec_f3e seq=256 event=fec.capability_view formula_id=cell:B1 required_caps=reference_resolution required_caps_count=1 provided_caps_count=6 decision=allowed duration_us=12
fec_f3e seq=260 event=f3e.execute formula_id=cell:C1 target=cell:C1 session_id=7 token=203681038704763270684875208362034308781 required_caps=external_provider supports_required=true decision=allowed result_kind=scalar observation_count=2 duration_us=24
fec_f3e seq=254 event=f3e.prepare dep_count=1 required_caps=reference_resolution dependency_profile=RefOnly token=167915041555908740633552892054872978684 duration_us=188
fec_f3e seq=258 event=engine.evaluate_cell_via_f3e formula_id=cell:D1 session_id=1 required_caps=reference_resolution result_kind=scalar commit_status=Applied token=232217524077061522668920504132809148913 new_token=232217524077061522677707970010090321380 spill_shape_delta=none duration_us=283
fec_f3e seq=263 event=fec.install_plan formula_id=cell:D1 dep_count=1 required_caps=reference_resolution dependency_profile=RefOnly token=167915041555908740633552892054872978684 duration_us=12
fec_f3e seq=261 event=fec.commit formula_id=cell:C1 session_id=7 token=203681038704763270684875208362034308781 result_kind=scalar status=Applied new_token=203681038704763270684875208362034308781 dep_delta_cells=0 dep_delta_names=0 spill_shape_delta=none duration_us=7
fec_f3e seq=262 event=f3e.execute formula_id=cell:B1 target=cell:B1 session_id=2 token=206192843907074031940928308196911565675 required_caps=reference_resolution supports_required=true decision=allowed result_kind=scalar observation_count=3 duration_us=37
fec_f3e seq=264 event=engine.evaluate_cell_via_f3e formula_id=cell:C1 session_id=7 required_caps=external_provider result_kind=scalar commit_status=Applied token=203681038704763270684875208362034308781 new_token=203681038704763270684875208362034308781 spill_shape_delta=none duration_us=277
fec_f3e seq=265 event=fec.commit formula_id=cell:B1 session_id=2 token=206192843907074031940928308196911565675 result_kind=scalar status=Applied new_token=206192843907074031933870911698703300478 dep_delta_cells=2 dep_delta_names=0 spill_shape_delta=none duration_us=21
fec_f3e seq=266 event=engine.evaluate_cell_via_f3e formula_id=cell:B1 session_id=2 required_caps=reference_resolution result_kind=scalar commit_status=Applied token=206192843907074031940928308196911565675 new_token=206192843907074031933870911698703300478 spill_shape_delta=none duration_us=499
fec_f3e seq=267 event=engine.set_formula formula_id=cell:A1 dep_count=0 required_caps=none dependency_profile=None token=247122659375665552326839467858712073807 engine_mode=automatic status=ok duration_us=4860
fec_f3e seq=268 event=fec.open_session formula_id=name:BASE_TOTAL session_id=4 expected_token=78423197176421162631436386733432498077 snapshot_epoch=4 duration_us=7
fec_f3e seq=269 event=fec.capability_view formula_id=name:BASE_TOTAL required_caps=reference_resolution required_caps_count=1 provided_caps_count=6 decision=allowed duration_us=4
test seam_spill_shape_change_updates_hash_consumer ... ok
fec_f3e seq=270 event=engine.recalculate_full recalc_mode=full formula_count=1 name_formula_count=0 eval_count=1 duration_us=2756
fec_f3e seq=271 event=f3e.execute formula_id=name:BASE_TOTAL target=name:BASE_TOTAL session_id=4 token=78423197176421162631436386733432498077 required_caps=reference_resolution supports_required=true decision=allowed result_kind=scalar observation_count=2 duration_us=34
fec_f3e seq=272 event=f3e.prepare dep_count=0 required_caps=none dependency_profile=None token=257710288385739352710385142361465990000 duration_us=56
fec_f3e seq=273 event=fec.open_session formula_id=cell:C2 session_id=2 expected_token=49271505141864435238867552207459027756 snapshot_epoch=5 duration_us=8
fec_f3e seq=274 event=fec.commit formula_id=name:BASE_TOTAL session_id=4 token=78423197176421162631436386733432498077 result_kind=scalar status=Applied new_token=78423197176421162631436386733432498077 dep_delta_cells=0 dep_delta_names=0 spill_shape_delta=none duration_us=18
fec_f3e seq=276 event=fec.capability_view formula_id=cell:C2 required_caps=reference_resolution required_caps_count=1 provided_caps_count=6 decision=allowed duration_us=4
fec_f3e seq=275 event=fec.install_plan formula_id=cell:A1 dep_count=0 required_caps=none dependency_profile=None token=257710288385739352710385142361465990000 duration_us=9
fec_f3e seq=277 event=engine.evaluate_name_via_f3e formula_id=name:BASE_TOTAL session_id=4 required_caps=reference_resolution result_kind=scalar commit_status=Applied token=78423197176421162631436386733432498077 new_token=78423197176421162631436386733432498077 duration_us=240
fec_f3e seq=278 event=engine.recalculate_incremental recalc_mode=incremental dirty_closure_count=1 dirty_name_count=0 eval_count=1 spill_shape_changed=false duration_us=2981
fec_f3e seq=279 event=fec.open_session formula_id=name:GRAND_TOTAL session_id=5 expected_token=24639975517504217912909398030003387057 snapshot_epoch=4 duration_us=2
fec_f3e seq=281 event=fec.capability_view formula_id=name:GRAND_TOTAL required_caps=none required_caps_count=0 provided_caps_count=6 decision=allowed duration_us=1
fec_f3e seq=282 event=f3e.execute formula_id=cell:C2 target=cell:C2 session_id=2 token=49271505141864435238867552207459027756 required_caps=reference_resolution supports_required=true decision=allowed result_kind=scalar observation_count=2 duration_us=67
fec_f3e seq=283 event=f3e.execute formula_id=name:GRAND_TOTAL target=name:GRAND_TOTAL session_id=5 token=24639975517504217912909398030003387057 required_caps=none supports_required=true decision=allowed result_kind=scalar observation_count=3 duration_us=17
fec_f3e seq=280 event=engine.recalculate_incremental recalc_mode=incremental dirty_closure_count=1 dirty_name_count=0 eval_count=1 spill_shape_changed=false duration_us=2270
fec_f3e seq=284 event=fec.commit formula_id=name:GRAND_TOTAL session_id=5 token=24639975517504217912909398030003387057 result_kind=scalar status=Applied new_token=24639975517504217923713841900107646628 dep_delta_cells=0 dep_delta_names=3 spill_shape_delta=none duration_us=6
fec_f3e seq=285 event=fec.commit formula_id=cell:C2 session_id=2 token=49271505141864435238867552207459027756 result_kind=scalar status=Applied new_token=49271505141864435228073295148243613497 dep_delta_cells=2 dep_delta_names=0 spill_shape_delta=none duration_us=12
fec_f3e seq=286 event=engine.evaluate_name_via_f3e formula_id=name:GRAND_TOTAL session_id=5 required_caps=none result_kind=scalar commit_status=Applied token=24639975517504217912909398030003387057 new_token=24639975517504217923713841900107646628 duration_us=100
fec_f3e seq=288 event=fec.open_session formula_id=name:TAX_RATE session_id=6 expected_token=0 snapshot_epoch=4 duration_us=1
fec_f3e seq=287 event=engine.evaluate_cell_via_f3e formula_id=cell:C2 session_id=2 required_caps=reference_resolution result_kind=scalar commit_status=Applied token=49271505141864435238867552207459027756 new_token=49271505141864435228073295148243613497 spill_shape_delta=none duration_us=367
fec_f3e seq=289 event=fec.capability_view formula_id=name:TAX_RATE required_caps=none required_caps_count=0 provided_caps_count=6 decision=allowed duration_us=0
fec_f3e seq=290 event=fec.open_session formula_id=cell:C1 session_id=3 expected_token=249841130818718644515718530615582772797 snapshot_epoch=5 duration_us=2
fec_f3e seq=291 event=f3e.execute formula_id=name:TAX_RATE target=name:TAX_RATE session_id=6 token=0 required_caps=none supports_required=true decision=allowed result_kind=scalar observation_count=1 duration_us=6
fec_f3e seq=292 event=fec.capability_view formula_id=cell:C1 required_caps=reference_resolution required_caps_count=1 provided_caps_count=6 decision=allowed duration_us=3
fec_f3e seq=293 event=fec.commit formula_id=name:TAX_RATE session_id=6 token=0 result_kind=scalar status=RejectedTokenMismatch new_token=0 dep_delta_cells=0 dep_delta_names=0 spill_shape_delta=none duration_us=2
fec_f3e seq=294 event=engine.evaluate_name_via_f3e formula_id=name:TAX_RATE session_id=6 required_caps=none result_kind=scalar commit_status=RejectedTokenMismatch token=0 new_token=0 duration_us=91
fec_f3e seq=295 event=f3e.execute formula_id=cell:C1 target=cell:C1 session_id=3 token=249841130818718644515718530615582772797 required_caps=reference_resolution supports_required=true decision=allowed result_kind=scalar observation_count=2 duration_us=25
fec_f3e seq=296 event=fec.commit formula_id=cell:C1 session_id=3 token=249841130818718644515718530615582772797 result_kind=scalar status=Applied new_token=249841130818718644515718530615582772797 dep_delta_cells=0 dep_delta_names=0 spill_shape_delta=none duration_us=7
fec_f3e seq=297 event=engine.evaluate_cell_via_f3e formula_id=cell:C1 session_id=3 required_caps=reference_resolution result_kind=scalar commit_status=Applied token=249841130818718644515718530615582772797 new_token=249841130818718644515718530615582772797 spill_shape_delta=none duration_us=126
test seam_volatile_and_external_paths ... ok
fec_f3e seq=298 event=engine.recalculate_full recalc_mode=full formula_count=0 name_formula_count=2 eval_count=0 duration_us=3237
test seam_branch_flip_behavior ... ok
test seam_structural_edit_refreshes_formula_position_and_value ... ok
fec_f3e seq=299 event=engine.recalculate_full recalc_mode=full formula_count=2 name_formula_count=0 eval_count=2 duration_us=3897
fec_f3e seq=300 event=fec.open_session formula_id=cell:D1 session_id=4 expected_token=42973499849006228386732613219402624189 snapshot_epoch=5 duration_us=9
fec_f3e seq=301 event=fec.capability_view formula_id=cell:D1 required_caps=reference_resolution required_caps_count=1 provided_caps_count=6 decision=allowed duration_us=6
fec_f3e seq=302 event=f3e.execute formula_id=cell:D1 target=cell:D1 session_id=4 token=42973499849006228386732613219402624189 required_caps=reference_resolution supports_required=true decision=allowed result_kind=scalar observation_count=2 duration_us=30
fec_f3e seq=303 event=fec.commit formula_id=cell:D1 session_id=4 token=42973499849006228386732613219402624189 result_kind=scalar status=Applied new_token=42973499849006228375344301389265096872 dep_delta_cells=2 dep_delta_names=0 spill_shape_delta=none duration_us=22
fec_f3e seq=304 event=engine.evaluate_cell_via_f3e formula_id=cell:D1 session_id=4 required_caps=reference_resolution result_kind=scalar commit_status=Applied token=42973499849006228386732613219402624189 new_token=42973499849006228375344301389265096872 spill_shape_delta=none duration_us=244
fec_f3e seq=305 event=engine.set_name_formula formula_id=name:GRAND_TOTAL dep_count=0 required_caps=none dependency_profile=None token=24639975517504217912909398030003387057 engine_mode=automatic status=ok duration_us=3878
fec_f3e seq=306 event=fec.open_session formula_id=cell:B1 session_id=5 expected_token=52415277910563450459563744187020670568 snapshot_epoch=5 duration_us=4
fec_f3e seq=307 event=f3e.prepare dep_count=0 required_caps=none dependency_profile=None token=224774629466584005529303781505981556916 duration_us=39
fec_f3e seq=308 event=engine.set_formula formula_id=cell:C2 dep_count=1 required_caps=reference_resolution dependency_profile=RefOnly token=49271505141864435238867552207459027756 engine_mode=automatic status=ok duration_us=4987
fec_f3e seq=309 event=fec.capability_view formula_id=cell:B1 required_caps=reference_resolution required_caps_count=1 provided_caps_count=6 decision=allowed duration_us=15
fec_f3e seq=310 event=fec.install_plan formula_id=cell:B1 dep_count=0 required_caps=none dependency_profile=None token=224774629466584005529303781505981556916 duration_us=8
fec_f3e seq=311 event=f3e.execute formula_id=cell:B1 target=cell:B1 session_id=5 token=52415277910563450459563744187020670568 required_caps=reference_resolution supports_required=true decision=allowed result_kind=scalar observation_count=2 duration_us=29
fec_f3e seq=312 event=f3e.prepare dep_count=1 required_caps=reference_resolution dependency_profile=RefOnly token=291334937682751954711296776871852990301 duration_us=59
fec_f3e seq=313 event=fec.install_plan formula_id=cell:C3 dep_count=1 required_caps=reference_resolution dependency_profile=RefOnly token=291334937682751954711296776871852990301 duration_us=4
fec_f3e seq=314 event=fec.commit formula_id=cell:B1 session_id=5 token=52415277910563450459563744187020670568 result_kind=scalar status=Applied new_token=52415277910563450459563744187020670568 dep_delta_cells=0 dep_delta_names=0 spill_shape_delta=none duration_us=17
fec_f3e seq=315 event=engine.evaluate_cell_via_f3e formula_id=cell:B1 session_id=5 required_caps=reference_resolution result_kind=scalar commit_status=Applied token=52415277910563450459563744187020670568 new_token=52415277910563450459563744187020670568 spill_shape_delta=none duration_us=281
fec_f3e seq=316 event=fec.open_session formula_id=cell:D1 session_id=1 expected_token=167915041555908740633552892054872978684 snapshot_epoch=7 duration_us=12
fec_f3e seq=317 event=fec.open_session formula_id=cell:C1 session_id=6 expected_token=15020674109657742524669522378281054416 snapshot_epoch=5 duration_us=4
fec_f3e seq=319 event=fec.open_session formula_id=cell:B1 session_id=6 expected_token=4592118352301146385807775520112067362 snapshot_epoch=4 duration_us=5
fec_f3e seq=318 event=fec.capability_view formula_id=cell:D1 required_caps=reference_resolution required_caps_count=1 provided_caps_count=6 decision=allowed duration_us=11
fec_f3e seq=320 event=fec.capability_view formula_id=cell:B1 required_caps=reference_resolution required_caps_count=1 provided_caps_count=6 decision=allowed duration_us=3
fec_f3e seq=321 event=fec.capability_view formula_id=cell:C1 required_caps=reference_resolution required_caps_count=1 provided_caps_count=6 decision=allowed duration_us=15
fec_f3e seq=322 event=f3e.execute formula_id=cell:D1 target=cell:D1 session_id=1 token=167915041555908740633552892054872978684 required_caps=reference_resolution supports_required=true decision=allowed result_kind=scalar observation_count=3 duration_us=52
fec_f3e seq=323 event=f3e.execute formula_id=cell:C1 target=cell:C1 session_id=6 token=15020674109657742524669522378281054416 required_caps=reference_resolution supports_required=true decision=allowed result_kind=scalar observation_count=2 duration_us=24
fec_f3e seq=324 event=fec.commit formula_id=cell:D1 session_id=1 token=167915041555908740633552892054872978684 result_kind=scalar status=Applied new_token=167915041555908740644058252215894182121 dep_delta_cells=3 dep_delta_names=0 spill_shape_delta=none duration_us=10
fec_f3e seq=325 event=f3e.execute formula_id=cell:B1 target=cell:B1 session_id=6 token=4592118352301146385807775520112067362 required_caps=reference_resolution supports_required=true decision=allowed result_kind=scalar observation_count=3 duration_us=62
fec_f3e seq=327 event=engine.evaluate_cell_via_f3e formula_id=cell:D1 session_id=1 required_caps=reference_resolution result_kind=scalar commit_status=Applied token=167915041555908740633552892054872978684 new_token=167915041555908740644058252215894182121 spill_shape_delta=none duration_us=324
fec_f3e seq=326 event=fec.commit formula_id=cell:C1 session_id=6 token=15020674109657742524669522378281054416 result_kind=scalar status=Applied new_token=15020674109657742524669522378281054416 dep_delta_cells=0 dep_delta_names=0 spill_shape_delta=none duration_us=8
fec_f3e seq=329 event=engine.evaluate_cell_via_f3e formula_id=cell:C1 session_id=6 required_caps=reference_resolution result_kind=scalar commit_status=Applied token=15020674109657742524669522378281054416 new_token=15020674109657742524669522378281054416 spill_shape_delta=none duration_us=299
fec_f3e seq=328 event=fec.commit formula_id=cell:B1 session_id=6 token=4592118352301146385807775520112067362 result_kind=scalar status=Applied new_token=4592118352301146376715368048127065911 dep_delta_cells=0 dep_delta_names=0 spill_shape_delta=none duration_us=16
fec_f3e seq=330 event=engine.evaluate_cell_via_f3e formula_id=cell:B1 session_id=6 required_caps=reference_resolution result_kind=scalar commit_status=Applied token=4592118352301146385807775520112067362 new_token=4592118352301146376715368048127065911 spill_shape_delta=none duration_us=288
fec_f3e seq=331 event=fec.open_session formula_id=cell:A1 session_id=7 expected_token=257710288385739352710385142361465990000 snapshot_epoch=4 duration_us=4
fec_f3e seq=332 event=fec.capability_view formula_id=cell:A1 required_caps=none required_caps_count=0 provided_caps_count=6 decision=allowed duration_us=3
fec_f3e seq=333 event=f3e.execute formula_id=cell:A1 target=cell:A1 session_id=7 token=257710288385739352710385142361465990000 required_caps=none supports_required=true decision=allowed result_kind=array observation_count=1 duration_us=16
fec_f3e seq=334 event=fec.commit formula_id=cell:A1 session_id=7 token=257710288385739352710385142361465990000 result_kind=array status=Applied new_token=257710288385739352703318175885034575717 dep_delta_cells=0 dep_delta_names=0 spill_shape_delta=cleared duration_us=12
fec_f3e seq=335 event=engine.evaluate_cell_via_f3e formula_id=cell:A1 session_id=7 required_caps=none result_kind=array commit_status=Applied token=257710288385739352710385142361465990000 new_token=257710288385739352703318175885034575717 spill_shape_delta=cleared duration_us=137
fec_f3e seq=336 event=engine.recalculate_full recalc_mode=full formula_count=1 name_formula_count=0 eval_count=1 duration_us=2646
fec_f3e seq=337 event=engine.recalculate_full recalc_mode=full formula_count=3 name_formula_count=0 eval_count=3 duration_us=4326
fec_f3e seq=338 event=engine.recalculate_full recalc_mode=full formula_count=2 name_formula_count=0 eval_count=2 duration_us=2264
fec_f3e seq=339 event=engine.set_formula formula_id=cell:D1 dep_count=1 required_caps=reference_resolution dependency_profile=RefOnly token=167915041555908740633552892054872978684 engine_mode=automatic status=ok duration_us=3476
fec_f3e seq=340 event=f3e.prepare dep_count=2 required_caps=reference_resolution dependency_profile=RefOnly token=157518641434706427636935502774389091117 duration_us=46
fec_f3e seq=341 event=engine.set_formula formula_id=cell:D1 dep_count=1 required_caps=reference_resolution dependency_profile=RefOnly token=42973499849006228386732613219402624189 engine_mode=automatic status=ok duration_us=4928
fec_f3e seq=342 event=fec.install_plan formula_id=cell:D2 dep_count=2 required_caps=reference_resolution dependency_profile=RefOnly token=157518641434706427636935502774389091117 duration_us=7
fec_f3e seq=343 event=engine.set_formula formula_id=cell:A1 dep_count=0 required_caps=none dependency_profile=None token=257710288385739352710385142361465990000 engine_mode=automatic status=ok duration_us=2830
test seam_spill_takeover_and_clearance_on_referenced_spill_child ... ok
fec_f3e seq=344 event=fec.open_session formula_id=cell:B1 session_id=7 expected_token=224774629466584005529303781505981556916 snapshot_epoch=5 duration_us=13
fec_f3e seq=346 event=fec.capability_view formula_id=cell:B1 required_caps=none required_caps_count=0 provided_caps_count=6 decision=allowed duration_us=6
fec_f3e seq=345 event=fec.open_session formula_id=cell:C3 session_id=4 expected_token=291334937682751954711296776871852990301 snapshot_epoch=6 duration_us=8
fec_f3e seq=348 event=f3e.execute formula_id=cell:B1 target=cell:B1 session_id=7 token=224774629466584005529303781505981556916 required_caps=none supports_required=true decision=allowed result_kind=scalar observation_count=5 duration_us=48
fec_f3e seq=347 event=fec.capability_view formula_id=cell:C3 required_caps=reference_resolution required_caps_count=1 provided_caps_count=6 decision=allowed duration_us=12
fec_f3e seq=349 event=fec.commit formula_id=cell:B1 session_id=7 token=224774629466584005529303781505981556916 result_kind=scalar status=Applied new_token=224774629466584005520227135680284415137 dep_delta_cells=2 dep_delta_names=3 spill_shape_delta=none duration_us=14
fec_f3e seq=350 event=engine.evaluate_cell_via_f3e formula_id=cell:B1 session_id=7 required_caps=none result_kind=scalar commit_status=Applied token=224774629466584005529303781505981556916 new_token=224774629466584005520227135680284415137 spill_shape_delta=none duration_us=236
fec_f3e seq=351 event=f3e.execute formula_id=cell:C3 target=cell:C3 session_id=4 token=291334937682751954711296776871852990301 required_caps=reference_resolution supports_required=true decision=allowed result_kind=scalar observation_count=3 duration_us=36
fec_f3e seq=352 event=fec.open_session formula_id=name:BASE_TOTAL session_id=8 expected_token=78423197176421162631436386733432498077 snapshot_epoch=5 duration_us=1
fec_f3e seq=354 event=fec.capability_view formula_id=name:BASE_TOTAL required_caps=reference_resolution required_caps_count=1 provided_caps_count=6 decision=allowed duration_us=2
fec_f3e seq=353 event=fec.commit formula_id=cell:C3 session_id=4 token=291334937682751954711296776871852990301 result_kind=scalar status=Applied new_token=291334937682751954720084803438719738696 dep_delta_cells=3 dep_delta_names=0 spill_shape_delta=none duration_us=9
fec_f3e seq=355 event=f3e.execute formula_id=name:BASE_TOTAL target=name:BASE_TOTAL session_id=8 token=78423197176421162631436386733432498077 required_caps=reference_resolution supports_required=true decision=allowed result_kind=scalar observation_count=1 duration_us=6
fec_f3e seq=356 event=engine.evaluate_cell_via_f3e formula_id=cell:C3 session_id=4 required_caps=reference_resolution result_kind=scalar commit_status=Applied token=291334937682751954711296776871852990301 new_token=291334937682751954720084803438719738696 spill_shape_delta=none duration_us=308
fec_f3e seq=357 event=fec.commit formula_id=name:BASE_TOTAL session_id=8 token=78423197176421162631436386733432498077 result_kind=scalar status=Applied new_token=78423197176421162638512358356458511240 dep_delta_cells=1 dep_delta_names=0 spill_shape_delta=none duration_us=5
fec_f3e seq=358 event=fec.open_session formula_id=cell:C2 session_id=5 expected_token=49271505141864435228073295148243613497 snapshot_epoch=6 duration_us=2
fec_f3e seq=359 event=engine.evaluate_name_via_f3e formula_id=name:BASE_TOTAL session_id=8 required_caps=reference_resolution result_kind=scalar commit_status=Applied token=78423197176421162631436386733432498077 new_token=78423197176421162638512358356458511240 duration_us=86
fec_f3e seq=360 event=fec.capability_view formula_id=cell:C2 required_caps=reference_resolution required_caps_count=1 provided_caps_count=6 decision=allowed duration_us=2
fec_f3e seq=361 event=fec.open_session formula_id=name:GRAND_TOTAL session_id=9 expected_token=24639975517504217923713841900107646628 snapshot_epoch=5 duration_us=1
fec_f3e seq=363 event=fec.capability_view formula_id=name:GRAND_TOTAL required_caps=none required_caps_count=0 provided_caps_count=6 decision=allowed duration_us=0
fec_f3e seq=362 event=f3e.execute formula_id=cell:C2 target=cell:C2 session_id=5 token=49271505141864435228073295148243613497 required_caps=reference_resolution supports_required=true decision=allowed result_kind=scalar observation_count=2 duration_us=10
fec_f3e seq=364 event=f3e.execute formula_id=name:GRAND_TOTAL target=name:GRAND_TOTAL session_id=9 token=24639975517504217923713841900107646628 required_caps=none supports_required=true decision=allowed result_kind=scalar observation_count=1 duration_us=4
fec_f3e seq=365 event=fec.commit formula_id=cell:C2 session_id=5 token=49271505141864435228073295148243613497 result_kind=scalar status=Applied new_token=49271505141864435228073295148243613497 dep_delta_cells=0 dep_delta_names=0 spill_shape_delta=none duration_us=6
fec_f3e seq=366 event=fec.commit formula_id=name:GRAND_TOTAL session_id=9 token=24639975517504217923713841900107646628 result_kind=scalar status=Applied new_token=24639975517504217912909398034298354353 dep_delta_cells=0 dep_delta_names=2 spill_shape_delta=none duration_us=5
fec_f3e seq=367 event=engine.evaluate_cell_via_f3e formula_id=cell:C2 session_id=5 required_caps=reference_resolution result_kind=scalar commit_status=Applied token=49271505141864435228073295148243613497 new_token=49271505141864435228073295148243613497 spill_shape_delta=none duration_us=94
fec_f3e seq=368 event=engine.evaluate_name_via_f3e formula_id=name:GRAND_TOTAL session_id=9 required_caps=none result_kind=scalar commit_status=Applied token=24639975517504217923713841900107646628 new_token=24639975517504217912909398034298354353 duration_us=74
fec_f3e seq=369 event=fec.open_session formula_id=cell:C1 session_id=6 expected_token=249841130818718644515718530615582772797 snapshot_epoch=6 duration_us=1
fec_f3e seq=370 event=fec.open_session formula_id=name:TAX_RATE session_id=10 expected_token=0 snapshot_epoch=5 duration_us=0
fec_f3e seq=371 event=fec.capability_view formula_id=cell:C1 required_caps=reference_resolution required_caps_count=1 provided_caps_count=6 decision=allowed duration_us=2
fec_f3e seq=372 event=fec.capability_view formula_id=name:TAX_RATE required_caps=none required_caps_count=0 provided_caps_count=6 decision=allowed duration_us=1
fec_f3e seq=373 event=f3e.execute formula_id=name:TAX_RATE target=name:TAX_RATE session_id=10 token=0 required_caps=none supports_required=true decision=allowed result_kind=scalar observation_count=1 duration_us=5
fec_f3e seq=374 event=f3e.execute formula_id=cell:C1 target=cell:C1 session_id=6 token=249841130818718644515718530615582772797 required_caps=reference_resolution supports_required=true decision=allowed result_kind=scalar observation_count=2 duration_us=17
fec_f3e seq=375 event=fec.commit formula_id=name:TAX_RATE session_id=10 token=0 result_kind=scalar status=RejectedTokenMismatch new_token=0 dep_delta_cells=0 dep_delta_names=0 spill_shape_delta=none duration_us=2
fec_f3e seq=376 event=fec.commit formula_id=cell:C1 session_id=6 token=249841130818718644515718530615582772797 result_kind=scalar status=Applied new_token=249841130818718644515718530615582772797 dep_delta_cells=0 dep_delta_names=0 spill_shape_delta=none duration_us=5
fec_f3e seq=377 event=engine.evaluate_name_via_f3e formula_id=name:TAX_RATE session_id=10 required_caps=none result_kind=scalar commit_status=RejectedTokenMismatch token=0 new_token=0 duration_us=63
fec_f3e seq=378 event=engine.evaluate_cell_via_f3e formula_id=cell:C1 session_id=6 required_caps=reference_resolution result_kind=scalar commit_status=Applied token=249841130818718644515718530615582772797 new_token=249841130818718644515718530615582772797 spill_shape_delta=none duration_us=87
fec_f3e seq=379 event=fec.open_session formula_id=cell:B1 session_id=7 expected_token=52415277910563450459563744187020670568 snapshot_epoch=6 duration_us=3
fec_f3e seq=380 event=fec.capability_view formula_id=cell:B1 required_caps=reference_resolution required_caps_count=1 provided_caps_count=6 decision=allowed duration_us=4
fec_f3e seq=381 event=f3e.execute formula_id=cell:B1 target=cell:B1 session_id=7 token=52415277910563450459563744187020670568 required_caps=reference_resolution supports_required=true decision=allowed result_kind=scalar observation_count=2 duration_us=12
fec_f3e seq=382 event=engine.recalculate_full recalc_mode=full formula_count=1 name_formula_count=2 eval_count=1 duration_us=2359
fec_f3e seq=383 event=fec.commit formula_id=cell:B1 session_id=7 token=52415277910563450459563744187020670568 result_kind=scalar status=Applied new_token=52415277910563450459563744187020670568 dep_delta_cells=0 dep_delta_names=0 spill_shape_delta=none duration_us=6
fec_f3e seq=384 event=engine.evaluate_cell_via_f3e formula_id=cell:B1 session_id=7 required_caps=reference_resolution result_kind=scalar commit_status=Applied token=52415277910563450459563744187020670568 new_token=52415277910563450459563744187020670568 spill_shape_delta=none duration_us=127
fec_f3e seq=385 event=fec.open_session formula_id=cell:C1 session_id=8 expected_token=15020674109657742524669522378281054416 snapshot_epoch=6 duration_us=1
fec_f3e seq=386 event=engine.recalculate_full recalc_mode=full formula_count=3 name_formula_count=0 eval_count=3 duration_us=2361
fec_f3e seq=387 event=fec.capability_view formula_id=cell:C1 required_caps=reference_resolution required_caps_count=1 provided_caps_count=6 decision=allowed duration_us=2
fec_f3e seq=388 event=f3e.execute formula_id=cell:C1 target=cell:C1 session_id=8 token=15020674109657742524669522378281054416 required_caps=reference_resolution supports_required=true decision=allowed result_kind=scalar observation_count=2 duration_us=10
fec_f3e seq=389 event=fec.commit formula_id=cell:C1 session_id=8 token=15020674109657742524669522378281054416 result_kind=scalar status=Applied new_token=15020674109657742524669522378281054416 dep_delta_cells=0 dep_delta_names=0 spill_shape_delta=none duration_us=5
fec_f3e seq=390 event=engine.evaluate_cell_via_f3e formula_id=cell:C1 session_id=8 required_caps=reference_resolution result_kind=scalar commit_status=Applied token=15020674109657742524669522378281054416 new_token=15020674109657742524669522378281054416 spill_shape_delta=none duration_us=119
fec_f3e seq=391 event=fec.open_session formula_id=cell:D2 session_id=2 expected_token=157518641434706427636935502774389091117 snapshot_epoch=8 duration_us=8
fec_f3e seq=392 event=engine.set_formula formula_id=cell:B1 dep_count=0 required_caps=none dependency_profile=None token=224774629466584005529303781505981556916 engine_mode=automatic status=ok duration_us=2800
fec_f3e seq=394 event=engine.set_formula formula_id=cell:C3 dep_count=1 required_caps=reference_resolution dependency_profile=RefOnly token=291334937682751954711296776871852990301 engine_mode=automatic status=ok duration_us=2759
fec_f3e seq=393 event=fec.capability_view formula_id=cell:D2 required_caps=reference_resolution required_caps_count=1 provided_caps_count=6 decision=allowed duration_us=4
fec_f3e seq=395 event=f3e.execute formula_id=cell:D2 target=cell:D2 session_id=2 token=157518641434706427636935502774389091117 required_caps=reference_resolution supports_required=true decision=allowed result_kind=scalar observation_count=3 duration_us=50
fec_f3e seq=396 event=engine.recalculate_incremental recalc_mode=incremental dirty_closure_count=2 dirty_name_count=0 eval_count=2 spill_shape_changed=false duration_us=1541
fec_f3e seq=397 event=fec.commit formula_id=cell:D2 session_id=2 token=157518641434706427636935502774389091117 result_kind=scalar status=Applied new_token=157518641434706427645440770069506348856 dep_delta_cells=3 dep_delta_names=0 spill_shape_delta=none duration_us=15
fec_f3e seq=398 event=engine.evaluate_cell_via_f3e formula_id=cell:D2 session_id=2 required_caps=reference_resolution result_kind=scalar commit_status=Applied token=157518641434706427636935502774389091117 new_token=157518641434706427645440770069506348856 spill_shape_delta=none duration_us=272
fec_f3e seq=399 event=fec.open_session formula_id=cell:D1 session_id=3 expected_token=167915041555908740644058252215894182121 snapshot_epoch=8 duration_us=3
fec_f3e seq=400 event=fec.capability_view formula_id=cell:D1 required_caps=reference_resolution required_caps_count=1 provided_caps_count=6 decision=allowed duration_us=6
fec_f3e seq=401 event=f3e.execute formula_id=cell:D1 target=cell:D1 session_id=3 token=167915041555908740644058252215894182121 required_caps=reference_resolution supports_required=true decision=allowed result_kind=scalar observation_count=3 duration_us=41
fec_f3e seq=402 event=fec.commit formula_id=cell:D1 session_id=3 token=167915041555908740644058252215894182121 result_kind=scalar status=Applied new_token=167915041555908740644058252215894182121 dep_delta_cells=0 dep_delta_names=0 spill_shape_delta=none duration_us=14
test seam_name_chain_path ... ok
test seam_dynamic_intent_reference_functions ... ok
fec_f3e seq=403 event=engine.evaluate_cell_via_f3e formula_id=cell:D1 session_id=3 required_caps=reference_resolution result_kind=scalar commit_status=Applied token=167915041555908740644058252215894182121 new_token=167915041555908740644058252215894182121 spill_shape_delta=none duration_us=212
test seam_incremental_dirty_closure_skips_unrelated_formula ... ok
fec_f3e seq=404 event=engine.recalculate_full recalc_mode=full formula_count=2 name_formula_count=0 eval_count=2 duration_us=2079
fec_f3e seq=405 event=engine.set_formula formula_id=cell:D2 dep_count=2 required_caps=reference_resolution dependency_profile=RefOnly token=157518641434706427636935502774389091117 engine_mode=automatic status=ok duration_us=2800
fec_f3e seq=406 event=fec.open_session formula_id=cell:D1 session_id=4 expected_token=167915041555908740644058252215894182121 snapshot_epoch=9 duration_us=15
fec_f3e seq=407 event=fec.capability_view formula_id=cell:D1 required_caps=reference_resolution required_caps_count=1 provided_caps_count=6 decision=allowed duration_us=5
fec_f3e seq=408 event=f3e.execute formula_id=cell:D1 target=cell:D1 session_id=4 token=167915041555908740644058252215894182121 required_caps=reference_resolution supports_required=true decision=allowed result_kind=scalar observation_count=3 duration_us=53
fec_f3e seq=409 event=fec.commit formula_id=cell:D1 session_id=4 token=167915041555908740644058252215894182121 result_kind=scalar status=Applied new_token=167915041555908740644058252215894182121 dep_delta_cells=0 dep_delta_names=0 spill_shape_delta=none duration_us=13
fec_f3e seq=410 event=engine.evaluate_cell_via_f3e formula_id=cell:D1 session_id=4 required_caps=reference_resolution result_kind=scalar commit_status=Applied token=167915041555908740644058252215894182121 new_token=167915041555908740644058252215894182121 spill_shape_delta=none duration_us=219
fec_f3e seq=411 event=engine.recalculate_incremental recalc_mode=incremental dirty_closure_count=1 dirty_name_count=0 eval_count=1 spill_shape_changed=false duration_us=1405
fec_f3e seq=412 event=fec.open_session formula_id=cell:D1 session_id=5 expected_token=167915041555908740644058252215894182121 snapshot_epoch=10 duration_us=10
fec_f3e seq=413 event=fec.capability_view formula_id=cell:D1 required_caps=reference_resolution required_caps_count=1 provided_caps_count=6 decision=allowed duration_us=4
fec_f3e seq=414 event=f3e.execute formula_id=cell:D1 target=cell:D1 session_id=5 token=167915041555908740644058252215894182121 required_caps=reference_resolution supports_required=true decision=allowed result_kind=scalar observation_count=3 duration_us=43
fec_f3e seq=415 event=fec.commit formula_id=cell:D1 session_id=5 token=167915041555908740644058252215894182121 result_kind=scalar status=Applied new_token=167915041555908740633552892063462913276 dep_delta_cells=2 dep_delta_names=0 spill_shape_delta=none duration_us=12
fec_f3e seq=416 event=engine.evaluate_cell_via_f3e formula_id=cell:D1 session_id=5 required_caps=reference_resolution result_kind=scalar commit_status=Applied token=167915041555908740644058252215894182121 new_token=167915041555908740633552892063462913276 spill_shape_delta=none duration_us=175
fec_f3e seq=417 event=engine.recalculate_incremental recalc_mode=incremental dirty_closure_count=1 dirty_name_count=0 eval_count=1 spill_shape_changed=false duration_us=1254
fec_f3e seq=418 event=fec.open_session formula_id=cell:D1 session_id=6 expected_token=167915041555908740633552892063462913276 snapshot_epoch=11 duration_us=11
fec_f3e seq=419 event=fec.capability_view formula_id=cell:D1 required_caps=reference_resolution required_caps_count=1 provided_caps_count=6 decision=allowed duration_us=4
fec_f3e seq=420 event=f3e.execute formula_id=cell:D1 target=cell:D1 session_id=6 token=167915041555908740633552892063462913276 required_caps=reference_resolution supports_required=true decision=allowed result_kind=scalar observation_count=3 duration_us=46
fec_f3e seq=421 event=fec.commit formula_id=cell:D1 session_id=6 token=167915041555908740633552892063462913276 result_kind=scalar status=Applied new_token=167915041555908740633552892063462913276 dep_delta_cells=0 dep_delta_names=0 spill_shape_delta=none duration_us=10
fec_f3e seq=422 event=engine.evaluate_cell_via_f3e formula_id=cell:D1 session_id=6 required_caps=reference_resolution result_kind=scalar commit_status=Applied token=167915041555908740633552892063462913276 new_token=167915041555908740633552892063462913276 spill_shape_delta=none duration_us=175
fec_f3e seq=423 event=engine.recalculate_incremental recalc_mode=incremental dirty_closure_count=1 dirty_name_count=0 eval_count=1 spill_shape_changed=false duration_us=1247
fec_f3e seq=424 event=fec.open_session formula_id=cell:D2 session_id=7 expected_token=157518641434706427645440770069506348856 snapshot_epoch=12 duration_us=12
fec_f3e seq=425 event=fec.capability_view formula_id=cell:D2 required_caps=reference_resolution required_caps_count=1 provided_caps_count=6 decision=allowed duration_us=4
fec_f3e seq=426 event=f3e.execute formula_id=cell:D2 target=cell:D2 session_id=7 token=157518641434706427645440770069506348856 required_caps=reference_resolution supports_required=true decision=allowed result_kind=scalar observation_count=3 duration_us=36
fec_f3e seq=427 event=fec.commit formula_id=cell:D2 session_id=7 token=157518641434706427645440770069506348856 result_kind=scalar status=Applied new_token=157518641434706427645440770069506348856 dep_delta_cells=0 dep_delta_names=0 spill_shape_delta=none duration_us=11
fec_f3e seq=428 event=engine.evaluate_cell_via_f3e formula_id=cell:D2 session_id=7 required_caps=reference_resolution result_kind=scalar commit_status=Applied token=157518641434706427645440770069506348856 new_token=157518641434706427645440770069506348856 spill_shape_delta=none duration_us=164
fec_f3e seq=429 event=engine.recalculate_incremental recalc_mode=incremental dirty_closure_count=1 dirty_name_count=0 eval_count=1 spill_shape_changed=false duration_us=1178
fec_f3e seq=430 event=fec.open_session formula_id=cell:D2 session_id=8 expected_token=157518641434706427645440770069506348856 snapshot_epoch=13 duration_us=9
fec_f3e seq=431 event=fec.capability_view formula_id=cell:D2 required_caps=reference_resolution required_caps_count=1 provided_caps_count=6 decision=allowed duration_us=4
fec_f3e seq=432 event=f3e.execute formula_id=cell:D2 target=cell:D2 session_id=8 token=157518641434706427645440770069506348856 required_caps=reference_resolution supports_required=true decision=allowed result_kind=scalar observation_count=3 duration_us=33
fec_f3e seq=433 event=fec.commit formula_id=cell:D2 session_id=8 token=157518641434706427645440770069506348856 result_kind=scalar status=Applied new_token=157518641434706427636935502765799156525 dep_delta_cells=2 dep_delta_names=0 spill_shape_delta=none duration_us=11
fec_f3e seq=434 event=engine.evaluate_cell_via_f3e formula_id=cell:D2 session_id=8 required_caps=reference_resolution result_kind=scalar commit_status=Applied token=157518641434706427645440770069506348856 new_token=157518641434706427636935502765799156525 spill_shape_delta=none duration_us=177
fec_f3e seq=435 event=engine.recalculate_incremental recalc_mode=incremental dirty_closure_count=1 dirty_name_count=0 eval_count=1 spill_shape_changed=false duration_us=1219
fec_f3e seq=436 event=fec.open_session formula_id=cell:D2 session_id=9 expected_token=157518641434706427636935502765799156525 snapshot_epoch=14 duration_us=10
fec_f3e seq=437 event=fec.capability_view formula_id=cell:D2 required_caps=reference_resolution required_caps_count=1 provided_caps_count=6 decision=allowed duration_us=3
fec_f3e seq=438 event=f3e.execute formula_id=cell:D2 target=cell:D2 session_id=9 token=157518641434706427636935502765799156525 required_caps=reference_resolution supports_required=true decision=allowed result_kind=scalar observation_count=3 duration_us=33
fec_f3e seq=439 event=fec.commit formula_id=cell:D2 session_id=9 token=157518641434706427636935502765799156525 result_kind=scalar status=Applied new_token=157518641434706427636935502765799156525 dep_delta_cells=0 dep_delta_names=0 spill_shape_delta=none duration_us=10
fec_f3e seq=440 event=engine.evaluate_cell_via_f3e formula_id=cell:D2 session_id=9 required_caps=reference_resolution result_kind=scalar commit_status=Applied token=157518641434706427636935502765799156525 new_token=157518641434706427636935502765799156525 spill_shape_delta=none duration_us=156
fec_f3e seq=441 event=engine.recalculate_incremental recalc_mode=incremental dirty_closure_count=1 dirty_name_count=0 eval_count=1 spill_shape_changed=false duration_us=1221
test seam_dynamic_reference_retargeting_flows ... ok

test result: ok. 12 passed; 0 failed; 0 ignored; 0 measured; 0 filtered out; finished in 0.03s

