    Finished `test` profile [unoptimized + debuginfo] target(s) in 0.18s
     Running tests\fec_f3e_seam_scenarios_tests.rs (target\debug\deps\fec_f3e_seam_scenarios_tests-d4e603d7f65a4ed0.exe)

running 1 test
fec_f3e seq=1 event=f3e.compile dep_count=0 required_caps=none dependency_profile=None duration_us=69
fec_f3e seq=2 event=f3e.declare_dependencies dep_count=0 required_caps=none dependency_profile=None prior_token=none duration_us=5
fec_f3e seq=3 event=fec.register_dependencies formula_id=cell:A1 dep_count=0 required_caps=none dependency_profile=None token=1 duration_us=18
fec_f3e seq=4 event=fec.capability_view required_caps=none required_caps_count=0 provided_caps_count=6 supports_required=true duration_us=4
fec_f3e seq=5 event=f3e.evaluate target=cell:A1 required_caps=none required_caps_count=0 provided_caps_count=6 supports_required=true result_kind=array duration_us=45
fec_f3e seq=6 event=fec.publish_result formula_id=cell:A1 result_kind=array duration_us=2
fec_f3e seq=7 event=engine.evaluate_cell_via_f3e formula_id=cell:A1 required_caps=none result_kind=array duration_us=143
fec_f3e seq=8 event=engine.recalculate_full recalc_mode=full formula_count=1 name_formula_count=0 eval_count=1 duration_us=1650
fec_f3e seq=9 event=engine.set_formula formula_id=cell:A1 dep_count=0 required_caps=none dependency_profile=None token=1 engine_mode=automatic status=ok duration_us=2186
fec_f3e seq=10 event=f3e.compile dep_count=1 required_caps=reference_resolution dependency_profile=RefOnly duration_us=60
fec_f3e seq=11 event=f3e.declare_dependencies dep_count=1 required_caps=reference_resolution dependency_profile=RefOnly prior_token=none duration_us=3
fec_f3e seq=12 event=fec.register_dependencies formula_id=cell:B1 dep_count=1 required_caps=reference_resolution dependency_profile=RefOnly token=2 duration_us=4
fec_f3e seq=13 event=fec.capability_view required_caps=reference_resolution required_caps_count=1 provided_caps_count=6 supports_required=true duration_us=6
fec_f3e seq=14 event=f3e.evaluate target=cell:B1 required_caps=reference_resolution required_caps_count=1 provided_caps_count=6 supports_required=true result_kind=scalar duration_us=44
fec_f3e seq=15 event=fec.publish_result formula_id=cell:B1 result_kind=scalar duration_us=1
fec_f3e seq=16 event=engine.evaluate_cell_via_f3e formula_id=cell:B1 required_caps=reference_resolution result_kind=scalar duration_us=152
fec_f3e seq=17 event=fec.capability_view required_caps=none required_caps_count=0 provided_caps_count=6 supports_required=true duration_us=1
fec_f3e seq=18 event=f3e.evaluate target=cell:A1 required_caps=none required_caps_count=0 provided_caps_count=6 supports_required=true result_kind=array duration_us=2
fec_f3e seq=19 event=fec.publish_result formula_id=cell:A1 result_kind=array duration_us=9
fec_f3e seq=20 event=engine.evaluate_cell_via_f3e formula_id=cell:A1 required_caps=none result_kind=array duration_us=136
fec_f3e seq=21 event=engine.recalculate_full recalc_mode=full formula_count=2 name_formula_count=0 eval_count=2 duration_us=1785
fec_f3e seq=22 event=engine.set_formula formula_id=cell:B1 dep_count=1 required_caps=reference_resolution dependency_profile=RefOnly token=2 engine_mode=automatic status=ok duration_us=2321
fec_f3e seq=23 event=f3e.compile dep_count=0 required_caps=none dependency_profile=None duration_us=33
fec_f3e seq=24 event=f3e.declare_dependencies dep_count=0 required_caps=none dependency_profile=None prior_token=none duration_us=2
fec_f3e seq=25 event=fec.register_dependencies formula_id=cell:A1 dep_count=0 required_caps=none dependency_profile=None token=3 duration_us=6
fec_f3e seq=26 event=fec.capability_view required_caps=reference_resolution required_caps_count=1 provided_caps_count=6 supports_required=true duration_us=6
fec_f3e seq=27 event=f3e.evaluate target=cell:B1 required_caps=reference_resolution required_caps_count=1 provided_caps_count=6 supports_required=true result_kind=scalar duration_us=68
fec_f3e seq=28 event=fec.publish_result formula_id=cell:B1 result_kind=scalar duration_us=2
fec_f3e seq=29 event=engine.evaluate_cell_via_f3e formula_id=cell:B1 required_caps=reference_resolution result_kind=scalar duration_us=198
fec_f3e seq=30 event=fec.capability_view required_caps=none required_caps_count=0 provided_caps_count=6 supports_required=true duration_us=1
fec_f3e seq=31 event=f3e.evaluate target=cell:A1 required_caps=none required_caps_count=0 provided_caps_count=6 supports_required=true result_kind=array_spill duration_us=3
fec_f3e seq=32 event=fec.publish_result formula_id=cell:A1 result_kind=array_spill duration_us=3
fec_f3e seq=33 event=engine.evaluate_cell_via_f3e formula_id=cell:A1 required_caps=none result_kind=array_spill duration_us=69
fec_f3e seq=34 event=engine.recalculate_full recalc_mode=full formula_count=2 name_formula_count=0 eval_count=2 duration_us=2061
fec_f3e seq=35 event=engine.set_formula formula_id=cell:A1 dep_count=0 required_caps=none dependency_profile=None token=3 engine_mode=automatic status=ok duration_us=2548
fec_f3e seq=36 event=f3e.compile dep_count=0 required_caps=none dependency_profile=None duration_us=35
fec_f3e seq=37 event=f3e.declare_dependencies dep_count=0 required_caps=none dependency_profile=None prior_token=none duration_us=2
fec_f3e seq=38 event=fec.register_dependencies formula_id=cell:A1 dep_count=0 required_caps=none dependency_profile=None token=4 duration_us=5
fec_f3e seq=39 event=fec.capability_view required_caps=reference_resolution required_caps_count=1 provided_caps_count=6 supports_required=true duration_us=5
fec_f3e seq=40 event=f3e.evaluate target=cell:B1 required_caps=reference_resolution required_caps_count=1 provided_caps_count=6 supports_required=true result_kind=scalar duration_us=35
fec_f3e seq=41 event=fec.publish_result formula_id=cell:B1 result_kind=scalar duration_us=1
fec_f3e seq=42 event=engine.evaluate_cell_via_f3e formula_id=cell:B1 required_caps=reference_resolution result_kind=scalar duration_us=139
fec_f3e seq=43 event=fec.capability_view required_caps=none required_caps_count=0 provided_caps_count=6 supports_required=true duration_us=1
fec_f3e seq=44 event=f3e.evaluate target=cell:A1 required_caps=none required_caps_count=0 provided_caps_count=6 supports_required=true result_kind=array duration_us=2
fec_f3e seq=45 event=fec.publish_result formula_id=cell:A1 result_kind=array duration_us=1
fec_f3e seq=46 event=engine.evaluate_cell_via_f3e formula_id=cell:A1 required_caps=none result_kind=array duration_us=37
fec_f3e seq=47 event=engine.recalculate_full recalc_mode=full formula_count=2 name_formula_count=0 eval_count=2 duration_us=2026
fec_f3e seq=48 event=engine.set_formula formula_id=cell:A1 dep_count=0 required_caps=none dependency_profile=None token=4 engine_mode=automatic status=ok duration_us=2493
test seam_spill_takeover_and_clearance_on_referenced_spill_child ... ok

test result: ok. 1 passed; 0 failed; 0 ignored; 0 measured; 11 filtered out; finished in 0.01s

